ets Jun  8 2016 00:22:57

rst:0x1 (POWERON_RESET),boot:0x13 (SPI_FAST_FLASH_BOOT)
configsip: 0, SPIWP:0xee
clk_drv:0x00,q_drv:0x00,d_drv:0x00,cs0_drv:0x00,hd_drv:0x00,wp_drv:0x00
mode:DIO, clock div:2
load:0x3fff0030,len:7176
load:0x40078000,len:15564
ho 0 tail 12 room 4
load:0x40080400,len:4
load:0x40080404,len:3904
entry 0x40080638
[0;32mI (30) boot: ESP-IDF 5.3.1 2nd stage bootloader[0m
[0;32mI (30) boot: compile time Nov  5 2024 12:55:28[0m
[0;32mI (30) boot: Multicore bootloader[0m
[0;32mI (34) boot: chip revision: v1.0[0m
[0;32mI (38) boot.esp32: SPI Speed      : 40MHz[0m
[0;32mI (43) boot.esp32: SPI Mode       : DIO[0m
[0;32mI (47) boot.esp32: SPI Flash Size : 4MB[0m
[0;32mI (52) boot: Enabling RNG early entropy source...[0m
[0;32mI (57) boot: Partition Table:[0m
[0;32mI (61) boot: ## Label            Usage          Type ST Offset   Length[0m
[0;32mI (68) boot:  0 nvs              WiFi data        01 02 00009000 00006000[0m
[0;32mI (76) boot:  1 phy_init         RF data          01 01 0000f000 00001000[0m
[0;32mI (83) boot:  2 factory          factory app      00 00 00010000 00100000[0m
[0;32mI (91) boot: End of partition table[0m
[0;32mI (95) esp_image: segment 0: paddr=00010020 vaddr=3f400020 size=0b3f0h ( 46064) map[0m
[0;32mI (119) esp_image: segment 1: paddr=0001b418 vaddr=3ffb0000 size=02378h (  9080) load[0m
[0;32mI (123) esp_image: segment 2: paddr=0001d798 vaddr=40080000 size=02880h ( 10368) load[0m
[0;32mI (129) esp_image: segment 3: paddr=00020020 vaddr=400d0020 size=168bch ( 92348) map[0m
[0;32mI (165) esp_image: segment 4: paddr=000368e4 vaddr=40082880 size=0b628h ( 46632) load[0m
[0;32mI (190) boot: Loaded app from partition at offset 0x10000[0m
[0;32mI (190) boot: Disabling RNG early entropy source...[0m
[0;32mI (202) cpu_start: Multicore app[0m
[0;32mI (211) cpu_start: Pro cpu start user code[0m
[0;32mI (211) cpu_start: cpu freq: 240000000 Hz[0m
[0;32mI (211) app_init: Application information:[0m
[0;32mI (214) app_init: Project name:     Bedclock_IDF_V11[0m
[0;32mI (219) app_init: App version:      1[0m
[0;32mI (224) app_init: Compile time:     Nov  5 2024 12:54:46[0m
[0;32mI (230) app_init: ELF file SHA256:  91c7437b6...[0m
[0;32mI (235) app_init: ESP-IDF:          5.3.1[0m
[0;32mI (240) efuse_init: Min chip rev:     v0.0[0m
[0;32mI (244) efuse_init: Max chip rev:     v3.99 [0m
[0;32mI (249) efuse_init: Chip rev:         v1.0[0m
[0;32mI (254) heap_init: Initializing. RAM available for dynamic allocation:[0m
[0;32mI (262) heap_init: At 3FFAE6E0 len 00001920 (6 KiB): DRAM[0m
[0;32mI (267) heap_init: At 3FFB2C20 len 0002D3E0 (180 KiB): DRAM[0m
[0;32mI (274) heap_init: At 3FFE0440 len 00003AE0 (14 KiB): D/IRAM[0m
[0;32mI (280) heap_init: At 3FFE4350 len 0001BCB0 (111 KiB): D/IRAM[0m
[0;32mI (286) heap_init: At 4008DEA8 len 00012158 (72 KiB): IRAM[0m
[0;32mI (294) spi_flash: detected chip: generic[0m
[0;32mI (297) spi_flash: flash io: dio[0m
[0;33mW (301) i2c: This driver is an old driver, please migrate your application code to adapt `driver/i2c_master.h`[0m
[0;32mI (312) main_task: Started on CPU0[0m
[0;32mI (322) main_task: Calling app_main()[0m
[0;32mI (492) main: i=0 byte=1 j=0[0m
[0;32mI (1502) main: i=0 byte=1 j=1[0m
[0;32mI (1652) main: i=0 byte=1 j=2[0m
[0;32mI (1802) main: i=0 byte=1 j=3[0m
[0;32mI (1952) main: i=0 byte=1 j=4[0m
[0;32mI (2102) main: i=0 byte=1 j=5[0m
[0;32mI (2252) main: i=0 byte=1 j=6[0m
[0;32mI (2402) main: i=0 byte=1 j=7[0m
[0;32mI (2552) main: i=1 byte=2 j=0[0m
[0;32mI (2702) main: i=1 byte=2 j=1[0m
[0;32mI (2852) main: i=1 byte=2 j=2[0m
[0;32mI (3002) main: i=1 byte=2 j=3[0m
[0;32mI (3152) main: i=1 byte=2 j=4[0m
[0;32mI (3302) main: i=1 byte=2 j=5[0m
[0;32mI (3452) main: i=1 byte=2 j=6[0m
[0;32mI (3602) main: i=1 byte=2 j=7[0m
[0;32mI (3752) main: i=2 byte=4 j=0[0m
[0;32mI (3902) main: i=2 byte=4 j=1[0m
[0;32mI (4052) main: i=2 byte=4 j=2[0m
[0;32mI (4202) main: i=2 byte=4 j=3[0m
[0;32mI (4352) main: i=2 byte=4 j=4[0m
[0;32mI (4502) main: i=2 byte=4 j=5[0m
[0;32mI (4652) main: i=2 byte=4 j=6[0m
[0;32mI (4802) main: i=2 byte=4 j=7[0m
[0;32mI (4952) main: i=3 byte=8 j=0[0m
[0;32mI (5102) main: i=3 byte=8 j=1[0m
[0;32mI (5252) main: i=3 byte=8 j=2[0m
[0;32mI (5402) main: i=3 byte=8 j=3[0m
[0;32mI (5552) main: i=3 byte=8 j=4[0m
[0;32mI (5702) main: i=3 byte=8 j=5[0m
[0;32mI (5852) main: i=3 byte=8 j=6[0m
[0;32mI (6002) main: i=3 byte=8 j=7[0m
[0;32mI (6152) main: i=4 byte=16 j=0[0m
[0;32mI (6302) main: i=4 byte=16 j=1[0m
[0;32mI (6452) main: i=4 byte=16 j=2[0m
[0;32mI (6602) main: i=4 byte=16 j=3[0m
[0;32mI (6752) main: i=4 byte=16 j=4[0m
[0;32mI (6902) main: i=4 byte=16 j=5[0m
[0;32mI (7052) main: i=4 byte=16 j=6[0m
[0;32mI (7202) main: i=4 byte=16 j=7[0m
[0;32mI (7352) main: i=5 byte=32 j=0[0m
[0;32mI (7502) main: i=5 byte=32 j=1[0m
[0;32mI (7652) main: i=5 byte=32 j=2[0m
[0;32mI (7802) main: i=5 byte=32 j=3[0m
[0;32mI (7952) main: i=5 byte=32 j=4[0m
[0;32mI (8102) main: i=5 byte=32 j=5[0m
[0;32mI (8252) main: i=5 byte=32 j=6[0m
[0;32mI (8402) main: i=5 byte=32 j=7[0m
[0;32mI (8552) main: i=6 byte=64 j=0[0m
[0;32mI (8702) main: i=6 byte=64 j=1[0m
[0;32mI (8852) main: i=6 byte=64 j=2[0m
[0;32mI (9002) main: i=6 byte=64 j=3[0m
[0;32mI (9152) main: i=6 byte=64 j=4[0m
[0;32mI (9302) main: i=6 byte=64 j=5[0m
[0;32mI (9452) main: i=6 byte=64 j=6[0m
[0;32mI (9602) main: i=6 byte=64 j=7[0m
[0;32mI (9752) main: i=7 byte=128 j=0[0m
[0;32mI (9902) main: i=7 byte=128 j=1[0m
[0;32mI (10052) main: i=7 byte=128 j=2[0m
[0;32mI (10202) main: i=7 byte=128 j=3[0m
[0;32mI (10352) main: i=7 byte=128 j=4[0m
[0;32mI (10502) main: i=7 byte=128 j=5[0m
[0;32mI (10652) main: i=7 byte=128 j=6[0m
[0;32mI (10802) main: i=7 byte=128 j=7[0m
[0;32mI (10952) main: i=0 byte=1 j=0[0m
