ets Jun  8 2016 00:22:57

rst:0x1 (POWERON_RESET),boot:0x13 (SPI_FAST_FLASH_BOOT)
configsip: 0, SPIWP:0xee
clk_drv:0x00,q_drv:0x00,d_drv:0x00,cs0_drv:0x00,hd_drv:0x00,wp_drv:0x00
mode:DIO, clock div:2
load:0x3fff0030,len:7176
load:0x40078000,len:15564
ho 0 tail 12 room 4
load:0x40080400,len:4
load:0x40080404,len:3904
entry 0x40080638
[0;32mI (30) boot: ESP-IDF 5.3.1 2nd stage bootloader[0m
[0;32mI (30) boot: compile time Nov  5 2024 15:36:01[0m
[0;32mI (30) boot: Multicore bootloader[0m
[0;32mI (34) boot: chip revision: v1.0[0m
[0;32mI (38) boot.esp32: SPI Speed      : 40MHz[0m
[0;32mI (43) boot.esp32: SPI Mode       : DIO[0m
[0;32mI (47) boot.esp32: SPI Flash Size : 4MB[0m
[0;32mI (52) boot: Enabling RNG early entropy source...[0m
[0;32mI (57) boot: Partition Table:[0m
[0;32mI (61) boot: ## Label            Usage          Type ST Offset   Length[0m
[0;32mI (68) boot:  0 nvs              WiFi data        01 02 00009000 00006000[0m
[0;32mI (76) boot:  1 phy_init         RF data          01 01 0000f000 00001000[0m
[0;32mI (83) boot:  2 factory          factory app      00 00 00010000 00100000[0m
[0;32mI (91) boot: End of partition table[0m
[0;32mI (95) esp_image: segment 0: paddr=00010020 vaddr=3f400020 size=23944h (145732) map[0m
[0;32mI (153) esp_image: segment 1: paddr=0003396c vaddr=3ffb0000 size=04680h ( 18048) load[0m
[0;32mI (160) esp_image: segment 2: paddr=00037ff4 vaddr=40080000 size=08024h ( 32804) load[0m
[0;32mI (173) esp_image: segment 3: paddr=00040020 vaddr=400d0020 size=8e94ch (584012) map[0m
[0;32mI (373) esp_image: segment 4: paddr=000ce974 vaddr=40088024 size=115fch ( 71164) load[0m
[0;32mI (414) boot: Loaded app from partition at offset 0x10000[0m
[0;32mI (414) boot: Disabling RNG early entropy source...[0m
[0;32mI (426) cpu_start: Multicore app[0m
[0;32mI (435) cpu_start: Pro cpu start user code[0m
[0;32mI (435) cpu_start: cpu freq: 240000000 Hz[0m
[0;32mI (435) app_init: Application information:[0m
[0;32mI (438) app_init: Project name:     Bedclock_IDF_V10[0m
[0;32mI (443) app_init: App version:      1[0m
[0;32mI (448) app_init: Compile time:     Nov  5 2024 15:35:35[0m
[0;32mI (454) app_init: ELF file SHA256:  36c1285a4...[0m
[0;32mI (459) app_init: ESP-IDF:          5.3.1[0m
[0;32mI (464) efuse_init: Min chip rev:     v0.0[0m
[0;32mI (469) efuse_init: Max chip rev:     v3.99 [0m
[0;32mI (474) efuse_init: Chip rev:         v1.0[0m
[0;32mI (479) heap_init: Initializing. RAM available for dynamic allocation:[0m
[0;32mI (486) heap_init: At 3FFAE6E0 len 00001920 (6 KiB): DRAM[0m
[0;32mI (492) heap_init: At 3FFB92B0 len 00026D50 (155 KiB): DRAM[0m
[0;32mI (498) heap_init: At 3FFE0440 len 00003AE0 (14 KiB): D/IRAM[0m
[0;32mI (504) heap_init: At 3FFE4350 len 0001BCB0 (111 KiB): D/IRAM[0m
[0;32mI (511) heap_init: At 40099620 len 000069E0 (26 KiB): IRAM[0m
[0;32mI (518) spi_flash: detected chip: generic[0m
[0;32mI (521) spi_flash: flash io: dio[0m
[0;33mW (526) i2c: This driver is an old driver, please migrate your application code to adapt `driver/i2c_master.h`[0m
[0;32mI (537) main_task: Started on CPU0[0m
[0;32mI (547) main_task: Calling app_main()[0m
[0;32mI (567) wifi station: ESP_WIFI_MODE_STA[0m
I (587) wifi:wifi driver task: 3ffc12c0, prio:23, stack:6656, core=0
I (597) wifi:wifi firmware version: ccaebfa
I (597) wifi:wifi certification version: v7.0
I (597) wifi:config NVS flash: enabled
I (597) wifi:config nano formating: disabled
I (597) wifi:Init data frame dynamic rx buffer num: 32
I (607) wifi:Init static rx mgmt buffer num: 5
I (607) wifi:Init management short buffer num: 32
I (617) wifi:Init dynamic tx buffer num: 32
I (617) wifi:Init static rx buffer size: 1600
I (617) wifi:Init static rx buffer num: 10
I (627) wifi:Init dynamic rx buffer num: 32
[0;32mI (627) wifi_init: rx ba win: 6[0m
[0;32mI (637) wifi_init: accept mbox: 6[0m
[0;32mI (637) wifi_init: tcpip mbox: 32[0m
[0;32mI (637) wifi_init: udp mbox: 6[0m
[0;32mI (647) wifi_init: tcp mbox: 6[0m
[0;32mI (647) wifi_init: tcp tx win: 5760[0m
[0;32mI (657) wifi_init: tcp rx win: 5760[0m
[0;32mI (657) wifi_init: tcp mss: 1440[0m
[0;32mI (657) wifi_init: WiFi IRAM OP enabled[0m
[0;32mI (667) wifi_init: WiFi RX IRAM OP enabled[0m
W (667) wifi:Password length matches WPA2 standards, authmode threshold changes from OPEN to WPA2
[0;32mI (677) phy_init: phy_version 4830,54550f7,Jun 20 2024,14:22:08[0m
ï¿½ets Jun  8 2016 00:22:57

rst:0x3 (SW_RESET),boot:0x13 (SPI_FAST_FLASH_BOOT)
configsip: 0, SPIWP:0xee
clk_drv:0x00,q_drv:0x00,d_drv:0x00,cs0_drv:0x00,hd_drv:0x00,wp_drv:0x00
mode:DIO, clock div:2
load:0x3fff0030,len:7176
load:0x40078000,len:15564
ho 0 tail 12 room 4
load:0x40080400,len:4
load:0x40080404,len:3904
entry 0x40080638
[0;32mI (179) boot: ESP-IDF 5.3.1 2nd stage bootloader[0m
[0;32mI (179) boot: compile time Nov  5 2024 15:36:01[0m
[0;32mI (179) boot: Multicore bootloader[0m
[0;32mI (184) boot: chip revision: v1.0[0m
[0;32mI (188) boot.esp32: SPI Speed      : 40MHz[0m
[0;32mI (193) boot.esp32: SPI Mode       : DIO[0m
[0;32mI (198) boot.esp32: SPI Flash Size : 4MB[0m
[0;32mI (202) boot: Enabling RNG early entropy source...[0m
[0;32mI (208) boot: Partition Table:[0m
[0;32mI (211) boot: ## Label            Usage          Type ST Offset   Length[0m
[0;32mI (219) boot:  0 nvs              WiFi data        01 02 00009000 00006000[0m
[0;32mI (226) boot:  1 phy_init         RF data          01 01 0000f000 00001000[0m
[0;32mI (234) boot:  2 factory          factory app      00 00 00010000 00100000[0m
[0;32mI (242) boot: End of partition table[0m
[0;32mI (246) esp_image: segment 0: paddr=00010020 vaddr=3f400020 size=23944h (145732) map[0m
[0;32mI (304) esp_image: segment 1: paddr=0003396c vaddr=3ffb0000 size=04680h ( 18048) load[0m
[0;32mI (311) esp_image: segment 2: paddr=00037ff4 vaddr=40080000 size=08024h ( 32804) load[0m
[0;32mI (324) esp_image: segment 3: paddr=00040020 vaddr=400d0020 size=8e94ch (584012) map[0m
[0;32mI (525) esp_image: segment 4: paddr=000ce974 vaddr=40088024 size=115fch ( 71164) load[0m
[0;32mI (566) boot: Loaded app from partition at offset 0x10000[0m
[0;32mI (566) boot: Disabling RNG early entropy source...[0m
[0;32mI (578) cpu_start: Multicore app[0m
[0;32mI (586) cpu_start: Pro cpu start user code[0m
[0;32mI (586) cpu_start: cpu freq: 240000000 Hz[0m
[0;32mI (586) app_init: Application information:[0m
[0;32mI (589) app_init: Project name:     Bedclock_IDF_V10[0m
[0;32mI (595) app_init: App version:      1[0m
[0;32mI (599) app_init: Compile time:     Nov  5 2024 15:35:35[0m
[0;32mI (605) app_init: ELF file SHA256:  36c1285a4...[0m
[0;32mI (610) app_init: ESP-IDF:          5.3.1[0m
[0;32mI (615) efuse_init: Min chip rev:     v0.0[0m
[0;32mI (620) efuse_init: Max chip rev:     v3.99 [0m
[0;32mI (625) efuse_init: Chip rev:         v1.0[0m
[0;32mI (630) heap_init: Initializing. RAM available for dynamic allocation:[0m
[0;32mI (637) heap_init: At 3FFAE6E0 len 00001920 (6 KiB): DRAM[0m
[0;32mI (643) heap_init: At 3FFB92B0 len 00026D50 (155 KiB): DRAM[0m
[0;32mI (649) heap_init: At 3FFE0440 len 00003AE0 (14 KiB): D/IRAM[0m
[0;32mI (655) heap_init: At 3FFE4350 len 0001BCB0 (111 KiB): D/IRAM[0m
[0;32mI (662) heap_init: At 40099620 len 000069E0 (26 KiB): IRAM[0m
[0;32mI (670) spi_flash: detected chip: generic[0m
[0;32mI (673) spi_flash: flash io: dio[0m
[0;33mW (677) i2c: This driver is an old driver, please migrate your application code to adapt `driver/i2c_master.h`[0m
[0;32mI (688) main_task: Started on CPU0[0m
[0;32mI (698) main_task: Calling app_main()[0m
[0;32mI (718) wifi station: ESP_WIFI_MODE_STA[0m
I (738) wifi:wifi driver task: 3ffc12c0, prio:23, stack:6656, core=0
I (748) wifi:wifi firmware version: ccaebfa
I (748) wifi:wifi certification version: v7.0
I (748) wifi:config NVS flash: enabled
I (748) wifi:config nano formating: disabled
I (748) wifi:Init data frame dynamic rx buffer num: 32
I (758) wifi:Init static rx mgmt buffer num: 5
I (758) wifi:Init management short buffer num: 32
I (768) wifi:Init dynamic tx buffer num: 32
I (768) wifi:Init static rx buffer size: 1600
I (768) wifi:Init static rx buffer num: 10
I (778) wifi:Init dynamic rx buffer num: 32
[0;32mI (778) wifi_init: rx ba win: 6[0m
[0;32mI (788) wifi_init: accept mbox: 6[0m
[0;32mI (788) wifi_init: tcpip mbox: 32[0m
[0;32mI (788) wifi_init: udp mbox: 6[0m
[0;32mI (798) wifi_init: tcp mbox: 6[0m
[0;32mI (798) wifi_init: tcp tx win: 5760[0m
[0;32mI (808) wifi_init: tcp rx win: 5760[0m
[0;32mI (808) wifi_init: tcp mss: 1440[0m
[0;32mI (808) wifi_init: WiFi IRAM OP enabled[0m
[0;32mI (818) wifi_init: WiFi RX IRAM OP enabled[0m
W (818) wifi:Password length matches WPA2 standards, authmode threshold changes from OPEN to WPA2
[0;32mI (828) phy_init: phy_version 4830,54550f7,Jun 20 2024,14:22:08[0m
[0;33mW (898) phy_init: saving new calibration data because of checksum failure, mode(0)[0m
I (998) wifi:mode : sta (8c:aa:b5:8c:5a:cc)
I (998) wifi:enable tsf
[0;32mI (998) wifi station: wifi_init_sta finished.[0m
I (1008) wifi:new:<1,0>, old:<1,0>, ap:<255,255>, sta:<1,0>, prof:9, snd_ch_cfg:0x0
I (1008) wifi:state: init -> auth (0xb0)
I (1038) wifi:state: auth -> assoc (0x0)
I (1048) wifi:state: assoc -> run (0x10)
I (1078) wifi:connected with Starbux, aid = 2, channel 1, BW20, bssid = dc:15:c8:50:7c:5c
I (1078) wifi:security: WPA2-PSK, phy: bgn, rssi: -62
I (1088) wifi:pm start, type: 1

I (1088) wifi:dp: 1, bi: 102400, li: 3, scale listen interval from 307200 us to 307200 us
I (1098) wifi:<ba-add>idx:0 (ifx:0, dc:15:c8:50:7c:5c), tid:6, ssn:2, winSize:64
I (1218) wifi:AP's beacon interval = 102400 us, DTIM period = 1
[0;32mI (2098) esp_netif_handlers: sta ip: 192.168.178.160, mask: 255.255.255.0, gw: 192.168.178.1[0m
[0;32mI (2098) wifi station: got ip:192.168.178.160[0m
[0;32mI (2098) wifi station: connected to ap SSID:Starbux password:RodePleinMoskou2019[0m
[0;32mI (2108) wifi station: Initializing SNTP[0m
[0;31mE (2108) esp_netif_sntp: sntp_init_api(61): Tried to configure SNTP server from DHCP, while disabled. Please enable CONFIG_LWIP_DHCP_GET_NTP_SRV[0m
[0;31mE (2128) esp_netif_sntp: esp_netif_sntp_init(119): Failed initialize SNTP service[0m
[0;32mI (2138) wifi station: Starting SNTP[0m
Local time in Amsterdam: 01:00:02
[0;32mI (2138) display: INTERFACE is i2c[0m
[0;32mI (2148) display: CONFIG_SDA_GPIO=21[0m
[0;32mI (2148) display: CONFIG_SCL_GPIO=22[0m
I (2148) wifi:<ba-add>idx:1 (ifx:0, dc:15:c8:50:7c:5c), tid:0, ssn:0, winSize:64
[0;32mI (2158) display: CONFIG_RESET_GPIO=-1[0m
[0;32mI (2168) SSD1306: Legacy i2c driver is used[0m
[0;32mI (2168) SSD1306: HenkJan: .master.clk_speed = 400000[0m
[0;33mW (2178) display: Flip upside down[0m
[0;32mI (2178) display: Panel is 128x32[0m
[0;32mI (2188) SSD1306: OLED configured successfully[0m
[0;32mI (2268) display: t1=1564088 t2=1608883 dt=44795. [0m
[0;32mI (2278) keyboard: Starting keyboard task...[0m
[0;32mI (2278) keyboard: Keyboard task started...[0m
[0;32mI (2288) light: Starting light task...[0m
[0;32mI (2288) light: Light task started...[0m
[0;32mI (2288) light: Create RMT TX channel[0m
[0;32mI (2298) gpio: GPIO[23]| InputEn: 0| OutputEn: 1| OpenDrain: 0| Pullup: 1| Pulldown: 0| Intr:0 [0m
[0;32mI (2298) light: Install led strip encoder[0m
[0;32mI (2308) light: Enable RMT TX channel[0m
[0;32mI (2308) light: Start LED rainbow chase[0m
[0;32mI (2318) main: Main blip[0m
[0;32mI (2378) display: Update clock due to minute change[0m
[0;32mI (2428) display: t1=1710413 t2=1763773 dt=53360. [0m
[0;32mI (3318) main: Main blip[0m
[0;32mI (4258) keyboard: Top button filtered value 65[0m
[0;32mI (4318) light: Light manually switched off[0m
[0;32mI (4328) main: Main blip[0m
[0;32mI (5328) main: Main blip[0m
[0;32mI (6328) main: Main blip[0m
[0;32mI (7328) main: Main blip[0m
[0;32mI (8328) main: Main blip[0m
[0;32mI (9328) main: Main blip[0m
[0;32mI (10328) main: Main blip[0m
[0;32mI (11328) main: Main blip[0m
[0;32mI (12328) main: Main blip[0m
[0;32mI (13328) main: Main blip[0m
[0;32mI (14328) main: Main blip[0m
[0;32mI (15178) keyboard: Top button filtered value 305[0m
[0;32mI (15248) light: Light manually switched on[0m
[0;32mI (15328) main: Main blip[0m
[0;32mI (16328) main: Main blip[0m
[0;32mI (16738) keyboard: Left button filtered value 28[0m
[0;32mI (16748) display: item received BTN_LEFT[0m
[0;32mI (16808) display: t1=16082010 t2=16147322 dt=65312. [0m
[0;32mI (17328) main: Main blip[0m
[0;32mI (17888) keyboard: Right button filtered value 357[0m
[0;32mI (17918) display: item received BTN_RIGHT[0m
[0;32mI (17918) display: Increase LED intensity[0m
[0;32mI (17978) display: t1=17250649 t2=17312931 dt=62282. [0m
[0;32mI (18328) main: Main blip[0m
[0;32mI (19328) main: Main blip[0m
[0;32mI (19868) keyboard: Right button filtered value 250[0m
[0;32mI (19868) display: item received BTN_RIGHT[0m
[0;32mI (19868) display: Increase LED intensity[0m
[0;32mI (19928) display: t1=19205799 t2=19267703 dt=61904. [0m
[0;32mI (20328) main: Main blip[0m
[0;32mI (21008) keyboard: Right button filtered value 286[0m
[0;32mI (21038) display: item received BTN_RIGHT[0m
[0;32mI (21038) display: Increase LED intensity[0m
[0;32mI (21098) display: t1=20369950 t2=20434400 dt=64450. [0m
[0;32mI (21328) main: Main blip[0m
[0;32mI (22328) main: Main blip[0m
[0;32mI (22448) keyboard: Right button filtered value 277[0m
[0;32mI (22448) display: item received BTN_RIGHT[0m
[0;32mI (22448) display: Increase LED intensity[0m
[0;32mI (22508) display: t1=21785731 t2=21848906 dt=63175. [0m
[0;32mI (23328) main: Main blip[0m
[0;32mI (23588) keyboard: Right button filtered value 229[0m
[0;32mI (23618) display: item received BTN_RIGHT[0m
[0;32mI (23618) display: Increase LED intensity[0m
[0;32mI (23678) display: t1=22949939 t2=23012513 dt=62574. [0m
[0;32mI (24328) main: Main blip[0m
[0;32mI (24488) keyboard: Right button filtered value 129[0m
[0;32mI (24488) display: item received BTN_RIGHT[0m
[0;32mI (24488) display: Increase LED intensity[0m
[0;32mI (24548) display: t1=23825799 t2=23887699 dt=61900. [0m
[0;32mI (25088) keyboard: Right button filtered value 68[0m
[0;32mI (25088) display: item received BTN_RIGHT[0m
[0;32mI (25088) display: Increase LED intensity[0m
[0;32mI (25148) display: t1=24425719 t2=24487600 dt=61881. [0m
[0;32mI (25328) main: Main blip[0m
[0;32mI (25628) keyboard: Right button filtered value 177[0m
[0;32mI (25658) display: item received BTN_RIGHT[0m
[0;32mI (25658) display: Increase LED intensity[0m
[0;32mI (25718) display: t1=24989947 t2=25054813 dt=64866. [0m
[0;32mI (26288) keyboard: Right button filtered value 88[0m
[0;32mI (26288) display: item received BTN_RIGHT[0m
[0;32mI (26288) display: Increase LED intensity[0m
[0;32mI (26328) main: Main blip[0m
[0;32mI (26358) display: t1=25625549 t2=25691241 dt=65692. [0m
[0;32mI (27328) main: Main blip[0m
[0;32mI (28328) main: Main blip[0m
[0;32mI (29328) main: Main blip[0m
[0;32mI (30328) main: Main blip[0m
[0;32mI (31328) main: Main blip[0m
[0;32mI (32328) main: Main blip[0m
[0;32mI (33328) main: Main blip[0m
[0;32mI (34328) main: Main blip[0m
[0;32mI (35328) main: Main blip[0m
[0;32mI (36328) main: Main blip[0m
[0;32mI (37328) main: Main blip[0m
[0;32mI (38328) main: Main blip[0m
[0;32mI (39328) main: Main blip[0m
[0;32mI (40328) main: Main blip[0m
[0;32mI (41328) main: Main blip[0m
[0;32mI (42328) main: Main blip[0m
[0;32mI (43328) main: Main blip[0m
[0;32mI (44328) main: Main blip[0m
[0;32mI (45328) main: Main blip[0m
[0;32mI (46308) display: Display back to sleep[0m
[0;32mI (46328) main: Main blip[0m
[0;32mI (47328) main: Main blip[0m
[0;32mI (48328) main: Main blip[0m
