ets Jun  8 2016 00:22:57

rst:0x1 (POWERON_RESET),boot:0x13 (SPI_FAST_FLASH_BOOT)
configsip: 0, SPIWP:0xee
clk_drv:0x00,q_drv:0x00,d_drv:0x00,cs0_drv:0x00,hd_drv:0x00,wp_drv:0x00
mode:DIO, clock div:2
load:0x3fff0030,len:7176
load:0x40078000,len:15564
ho 0 tail 12 room 4
load:0x40080400,len:4
load:0x40080404,len:3904
entry 0x40080638
[0;32mI (30) boot: ESP-IDF 5.3.1 2nd stage bootloader[0m
[0;32mI (30) boot: compile time Nov  5 2024 15:36:01[0m
[0;32mI (30) boot: Multicore bootloader[0m
[0;32mI (34) boot: chip revision: v1.0[0m
[0;32mI (38) boot.esp32: SPI Speed      : 40MHz[0m
[0;32mI (43) boot.esp32: SPI Mode       : DIO[0m
[0;32mI (47) boot.esp32: SPI Flash Size : 4MB[0m
[0;32mI (52) boot: Enabling RNG early entropy source...[0m
[0;32mI (57) boot: Partition Table:[0m
[0;32mI (61) boot: ## Label            Usage          Type ST Offset   Length[0m
[0;32mI (68) boot:  0 nvs              WiFi data        01 02 00009000 00006000[0m
[0;32mI (75) boot:  1 phy_init         RF data          01 01 0000f000 00001000[0m
[0;32mI (83) boot:  2 factory          factory app      00 00 00010000 00100000[0m
[0;32mI (90) boot: End of partition table[0m
[0;32mI (95) esp_image: segment 0: paddr=00010020 vaddr=3f400020 size=23944h (145732) map[0m
[0;32mI (153) esp_image: segment 1: paddr=0003396c vaddr=3ffb0000 size=04680h ( 18048) load[0m
[0;32mI (160) esp_image: segment 2: paddr=00037ff4 vaddr=40080000 size=08024h ( 32804) load[0m
[0;32mI (173) esp_image: segment 3: paddr=00040020 vaddr=400d0020 size=8e944h (584004) map[0m
[0;32mI (373) esp_image: segment 4: paddr=000ce96c vaddr=40088024 size=115fch ( 71164) load[0m
[0;32mI (414) boot: Loaded app from partition at offset 0x10000[0m
[0;32mI (414) boot: Disabling RNG early entropy source...[0m
[0;32mI (426) cpu_start: Multicore app[0m
[0;32mI (435) cpu_start: Pro cpu start user code[0m
[0;32mI (435) cpu_start: cpu freq: 240000000 Hz[0m
[0;32mI (435) app_init: Application information:[0m
[0;32mI (438) app_init: Project name:     Bedclock_IDF_V10[0m
[0;32mI (443) app_init: App version:      1[0m
[0;32mI (448) app_init: Compile time:     Nov  5 2024 15:35:35[0m
[0;32mI (454) app_init: ELF file SHA256:  5c8934a53...[0m
[0;32mI (459) app_init: ESP-IDF:          5.3.1[0m
[0;32mI (464) efuse_init: Min chip rev:     v0.0[0m
[0;32mI (469) efuse_init: Max chip rev:     v3.99 [0m
[0;32mI (473) efuse_init: Chip rev:         v1.0[0m
[0;32mI (479) heap_init: Initializing. RAM available for dynamic allocation:[0m
[0;32mI (486) heap_init: At 3FFAE6E0 len 00001920 (6 KiB): DRAM[0m
[0;32mI (492) heap_init: At 3FFB92B0 len 00026D50 (155 KiB): DRAM[0m
[0;32mI (498) heap_init: At 3FFE0440 len 00003AE0 (14 KiB): D/IRAM[0m
[0;32mI (504) heap_init: At 3FFE4350 len 0001BCB0 (111 KiB): D/IRAM[0m
[0;32mI (511) heap_init: At 40099620 len 000069E0 (26 KiB): IRAM[0m
[0;32mI (518) spi_flash: detected chip: generic[0m
[0;32mI (521) spi_flash: flash io: dio[0m
[0;33mW (526) i2c: This driver is an old driver, please migrate your application code to adapt `driver/i2c_master.h`[0m
[0;32mI (537) main_task: Started on CPU0[0m
[0;32mI (547) main_task: Calling app_main()[0m
[0;32mI (567) wifi station: ESP_WIFI_MODE_STA[0m
I (587) wifi:wifi driver task: 3ffc12c0, prio:23, stack:6656, core=0
I (597) wifi:wifi firmware version: ccaebfa
I (597) wifi:wifi certification version: v7.0
I (597) wifi:config NVS flash: enabled
I (597) wifi:config nano formating: disabled
I (597) wifi:Init data frame dynamic rx buffer num: 32
I (607) wifi:Init static rx mgmt buffer num: 5
I (607) wifi:Init management short buffer num: 32
I (617) wifi:Init dynamic tx buffer num: 32
I (617) wifi:Init static rx buffer size: 1600
I (617) wifi:Init static rx buffer num: 10
I (627) wifi:Init dynamic rx buffer num: 32
[0;32mI (627) wifi_init: rx ba win: 6[0m
[0;32mI (637) wifi_init: accept mbox: 6[0m
[0;32mI (637) wifi_init: tcpip mbox: 32[0m
[0;32mI (637) wifi_init: udp mbox: 6[0m
[0;32mI (647) wifi_init: tcp mbox: 6[0m
[0;32mI (647) wifi_init: tcp tx win: 5760[0m
[0;32mI (657) wifi_init: tcp rx win: 5760[0m
[0;32mI (657) wifi_init: tcp mss: 1440[0m
[0;32mI (657) wifi_init: WiFi IRAM OP enabled[0m
[0;32mI (667) wifi_init: WiFi RX IRAM OP enabled[0m
W (667) wifi:Password length matches WPA2 standards, authmode threshold changes from OPEN to WPA2
[0;32mI (677) phy_init: phy_version 4830,54550f7,Jun 20 2024,14:22:08[0m
ï¿½ets Jun  8 2016 00:22:57

rst:0x3 (SW_RESET),boot:0x13 (SPI_FAST_FLASH_BOOT)
configsip: 0, SPIWP:0xee
clk_drv:0x00,q_drv:0x00,d_drv:0x00,cs0_drv:0x00,hd_drv:0x00,wp_drv:0x00
mode:DIO, clock div:2
load:0x3fff0030,len:7176
load:0x40078000,len:15564
ho 0 tail 12 room 4
load:0x40080400,len:4
load:0x40080404,len:3904
entry 0x40080638
[0;32mI (179) boot: ESP-IDF 5.3.1 2nd stage bootloader[0m
[0;32mI (179) boot: compile time Nov  5 2024 15:36:01[0m
[0;32mI (179) boot: Multicore bootloader[0m
[0;32mI (184) boot: chip revision: v1.0[0m
[0;32mI (188) boot.esp32: SPI Speed      : 40MHz[0m
[0;32mI (193) boot.esp32: SPI Mode       : DIO[0m
[0;32mI (198) boot.esp32: SPI Flash Size : 4MB[0m
[0;32mI (202) boot: Enabling RNG early entropy source...[0m
[0;32mI (208) boot: Partition Table:[0m
[0;32mI (211) boot: ## Label            Usage          Type ST Offset   Length[0m
[0;32mI (219) boot:  0 nvs              WiFi data        01 02 00009000 00006000[0m
[0;32mI (226) boot:  1 phy_init         RF data          01 01 0000f000 00001000[0m
[0;32mI (234) boot:  2 factory          factory app      00 00 00010000 00100000[0m
[0;32mI (242) boot: End of partition table[0m
[0;32mI (246) esp_image: segment 0: paddr=00010020 vaddr=3f400020 size=23944h (145732) map[0m
[0;32mI (304) esp_image: segment 1: paddr=0003396c vaddr=3ffb0000 size=04680h ( 18048) load[0m
[0;32mI (311) esp_image: segment 2: paddr=00037ff4 vaddr=40080000 size=08024h ( 32804) load[0m
[0;32mI (324) esp_image: segment 3: paddr=00040020 vaddr=400d0020 size=8e944h (584004) map[0m
[0;32mI (525) esp_image: segment 4: paddr=000ce96c vaddr=40088024 size=115fch ( 71164) load[0m
[0;32mI (566) boot: Loaded app from partition at offset 0x10000[0m
[0;32mI (566) boot: Disabling RNG early entropy source...[0m
[0;32mI (578) cpu_start: Multicore app[0m
[0;32mI (586) cpu_start: Pro cpu start user code[0m
[0;32mI (586) cpu_start: cpu freq: 240000000 Hz[0m
[0;32mI (586) app_init: Application information:[0m
[0;32mI (589) app_init: Project name:     Bedclock_IDF_V10[0m
[0;32mI (595) app_init: App version:      1[0m
[0;32mI (599) app_init: Compile time:     Nov  5 2024 15:35:35[0m
[0;32mI (605) app_init: ELF file SHA256:  5c8934a53...[0m
[0;32mI (610) app_init: ESP-IDF:          5.3.1[0m
[0;32mI (615) efuse_init: Min chip rev:     v0.0[0m
[0;32mI (620) efuse_init: Max chip rev:     v3.99 [0m
[0;32mI (625) efuse_init: Chip rev:         v1.0[0m
[0;32mI (630) heap_init: Initializing. RAM available for dynamic allocation:[0m
[0;32mI (637) heap_init: At 3FFAE6E0 len 00001920 (6 KiB): DRAM[0m
[0;32mI (643) heap_init: At 3FFB92B0 len 00026D50 (155 KiB): DRAM[0m
[0;32mI (649) heap_init: At 3FFE0440 len 00003AE0 (14 KiB): D/IRAM[0m
[0;32mI (655) heap_init: At 3FFE4350 len 0001BCB0 (111 KiB): D/IRAM[0m
[0;32mI (662) heap_init: At 40099620 len 000069E0 (26 KiB): IRAM[0m
[0;32mI (670) spi_flash: detected chip: generic[0m
[0;32mI (673) spi_flash: flash io: dio[0m
[0;33mW (677) i2c: This driver is an old driver, please migrate your application code to adapt `driver/i2c_master.h`[0m
[0;32mI (688) main_task: Started on CPU0[0m
[0;32mI (698) main_task: Calling app_main()[0m
[0;32mI (718) wifi station: ESP_WIFI_MODE_STA[0m
I (738) wifi:wifi driver task: 3ffc12c0, prio:23, stack:6656, core=0
I (748) wifi:wifi firmware version: ccaebfa
I (748) wifi:wifi certification version: v7.0
I (748) wifi:config NVS flash: enabled
I (748) wifi:config nano formating: disabled
I (748) wifi:Init data frame dynamic rx buffer num: 32
I (758) wifi:Init static rx mgmt buffer num: 5
I (758) wifi:Init management short buffer num: 32
I (768) wifi:Init dynamic tx buffer num: 32
I (768) wifi:Init static rx buffer size: 1600
I (768) wifi:Init static rx buffer num: 10
I (778) wifi:Init dynamic rx buffer num: 32
[0;32mI (778) wifi_init: rx ba win: 6[0m
[0;32mI (788) wifi_init: accept mbox: 6[0m
[0;32mI (788) wifi_init: tcpip mbox: 32[0m
[0;32mI (788) wifi_init: udp mbox: 6[0m
[0;32mI (798) wifi_init: tcp mbox: 6[0m
[0;32mI (798) wifi_init: tcp tx win: 5760[0m
[0;32mI (808) wifi_init: tcp rx win: 5760[0m
[0;32mI (808) wifi_init: tcp mss: 1440[0m
[0;32mI (808) wifi_init: WiFi IRAM OP enabled[0m
[0;32mI (818) wifi_init: WiFi RX IRAM OP enabled[0m
W (818) wifi:Password length matches WPA2 standards, authmode threshold changes from OPEN to WPA2
[0;32mI (828) phy_init: phy_version 4830,54550f7,Jun 20 2024,14:22:08[0m
I (898) wifi:mode : sta (8c:aa:b5:8c:5a:cc)
I (908) wifi:enable tsf
[0;32mI (908) wifi station: wifi_init_sta finished.[0m
I (918) wifi:new:<1,0>, old:<1,0>, ap:<255,255>, sta:<1,0>, prof:9, snd_ch_cfg:0x0
I (918) wifi:state: init -> auth (0xb0)
I (978) wifi:state: auth -> assoc (0x0)
I (988) wifi:state: assoc -> run (0x10)
I (1038) wifi:connected with Starbux, aid = 1, channel 1, BW20, bssid = 2c:3a:fd:bf:5d:7c
I (1038) wifi:security: WPA2-PSK, phy: bgn, rssi: -77
I (1038) wifi:pm start, type: 1

I (1038) wifi:dp: 1, bi: 102400, li: 3, scale listen interval from 307200 us to 307200 us
I (1068) wifi:<ba-add>idx:0 (ifx:0, 2c:3a:fd:bf:5d:7c), tid:0, ssn:0, winSize:64
I (1218) wifi:AP's beacon interval = 102400 us, DTIM period = 1
[0;32mI (2048) esp_netif_handlers: sta ip: 192.168.178.160, mask: 255.255.255.0, gw: 192.168.178.1[0m
[0;32mI (2048) wifi station: got ip:192.168.178.160[0m
[0;32mI (2048) wifi station: connected to ap SSID:Starbux password:RodePleinMoskou2019[0m
[0;32mI (2058) wifi station: Initializing SNTP[0m
[0;31mE (2058) esp_netif_sntp: sntp_init_api(61): Tried to configure SNTP server from DHCP, while disabled. Please enable CONFIG_LWIP_DHCP_GET_NTP_SRV[0m
[0;31mE (2078) esp_netif_sntp: esp_netif_sntp_init(119): Failed initialize SNTP service[0m
[0;32mI (2078) wifi station: Starting SNTP[0m
Local time in Amsterdam: 01:00:02
[0;32mI (2088) display: INTERFACE is i2c[0m
[0;32mI (2098) display: CONFIG_SDA_GPIO=21[0m
[0;32mI (2098) display: CONFIG_SCL_GPIO=22[0m
[0;32mI (2098) display: CONFIG_RESET_GPIO=-1[0m
[0;32mI (2108) SSD1306: Legacy i2c driver is used[0m
[0;32mI (2108) SSD1306: HenkJan: .master.clk_speed = 400000[0m
[0;33mW (2118) display: Flip upside down[0m
[0;32mI (2118) display: Panel is 128x32[0m
[0;32mI (2128) SSD1306: OLED configured successfully[0m
[0;32mI (2218) display: t1=1508169 t2=1551093 dt=42924. [0m
[0;32mI (2218) keyboard: Starting keyboard task...[0m
[0;32mI (2218) keyboard: Keyboard task started...[0m
[0;32mI (2228) light: Starting light task...[0m
[0;32mI (2228) light: Light task started...[0m
[0;32mI (2228) light: Create RMT TX channel[0m
[0;32mI (2238) gpio: GPIO[23]| InputEn: 0| OutputEn: 1| OpenDrain: 0| Pullup: 1| Pulldown: 0| Intr:0 [0m
[0;32mI (2248) light: Install led strip encoder[0m
[0;32mI (2248) light: Enable RMT TX channel[0m
[0;32mI (2248) light: Start LED rainbow chase[0m
[0;32mI (2258) main: Main blip[0m
[0;32mI (2328) display: Update clock due to minute change[0m
[0;32mI (2378) display: t1=1660079 t2=1714465 dt=54386. [0m
[0;32mI (3258) main: Main blip[0m
[0;32mI (4268) main: Main blip[0m
[0;32mI (5268) main: Main blip[0m
[0;32mI (6268) main: Main blip[0m
[0;32mI (7078) keyboard: Top button filtered value 0[0m
[0;32mI (7158) light: Light manually switched off[0m
[0;32mI (7268) main: Main blip[0m
[0;32mI (7858) keyboard: Top button filtered value 238[0m
[0;32mI (7878) light: Light manually switched on[0m
[0;32mI (8268) main: Main blip[0m
[0;32mI (9268) main: Main blip[0m
[0;32mI (9838) keyboard: Left button filtered value 57[0m
[0;32mI (9848) display: item received BTN_LEFT[0m
[0;32mI (9908) display: t1=9182219 t2=9244492 dt=62273. [0m
[0;32mI (10268) main: Main blip[0m
[0;32mI (10808) keyboard: Right button filtered value 32[0m
[0;32mI (10808) display: item received BTN_RIGHT[0m
[0;32mI (10808) display: Increase LED intensity[0m
[0;32mI (10878) display: t1=10145545 t2=10210371 dt=64826. [0m
[0;32mI (11268) main: Main blip[0m
[0;32mI (11408) keyboard: Right button filtered value 267[0m
[0;32mI (11408) display: item received BTN_RIGHT[0m
[0;32mI (11408) display: Increase LED intensity[0m
[0;32mI (11478) display: t1=10746060 t2=10809869 dt=63809. [0m
[0;32mI (12268) main: Main blip[0m
[0;32mI (13268) main: Main blip[0m
[0;32mI (14268) main: Main blip[0m
[0;32mI (15268) main: Main blip[0m
[0;32mI (15358) keyboard: Left button filtered value 232[0m
[0;32mI (15368) display: item received BTN_LEFT[0m
[0;32mI (15428) display: t1=14702059 t2=14763614 dt=61555. [0m
[0;32mI (16268) main: Main blip[0m
[0;32mI (16628) keyboard: Right button filtered value 357[0m
[0;32mI (16628) display: item received BTN_RIGHT[0m
[0;32mI (16628) display: Increase LED color[0m
[0;32mI (16688) display: t1=15965393 t2=16028589 dt=63196. [0m
[0;32mI (17268) main: Main blip[0m
[0;32mI (18268) main: Main blip[0m
[0;32mI (19268) main: Main blip[0m
[0;32mI (19628) keyboard: Right button filtered value 142[0m
[0;32mI (19628) display: item received BTN_RIGHT[0m
[0;32mI (19628) display: Increase LED color[0m
[0;32mI (19688) display: t1=18965162 t2=19029463 dt=64301. [0m
[0;32mI (20268) main: Main blip[0m
[0;32mI (21268) main: Main blip[0m
[0;32mI (22028) keyboard: Right button filtered value 407[0m
[0;32mI (22028) display: item received BTN_RIGHT[0m
[0;32mI (22028) display: Increase LED color[0m
[0;32mI (22088) display: t1=21365455 t2=21427398 dt=61943. [0m
[0;32mI (22268) main: Main blip[0m
[0;32mI (23268) main: Main blip[0m
[0;32mI (24268) main: Main blip[0m
[0;32mI (24368) keyboard: Right button filtered value 398[0m
[0;32mI (24398) display: item received BTN_RIGHT[0m
[0;32mI (24398) display: Increase LED color[0m
[0;32mI (24458) display: t1=23730028 t2=23794196 dt=64168. [0m
[0;32mI (25268) main: Main blip[0m
[0;32mI (26268) main: Main blip[0m
[0;32mI (26938) keyboard: Left button filtered value 90[0m
[0;32mI (26948) display: item received BTN_LEFT[0m
[0;31mE (26948) SSD1306: Image command failed. code: 0xFFFFFFFF[0m
[0;32mI (27268) main: Main blip[0m
[0;32mI (27658) keyboard: Left button filtered value 53[0m
[0;31mE (27948) SSD1306: Image command failed. code: 0x107[0m
[0;32mI (28268) main: Main blip[0m
[0;31mE (28948) SSD1306: Image command failed. code: 0x107[0m
[0;31mE (28948) SSD1306: Image command failed. code: 0x107[0m
[0;32mI (29268) main: Main blip[0m
[0;31mE (29948) SSD1306: Image command failed. code: 0x107[0m
[0;31mE (29948) SSD1306: Image command failed. code: 0x107[0m
[0;32mI (30268) main: Main blip[0m
[0;31mE (30948) SSD1306: Image command failed. code: 0x107[0m
[0;31mE (30948) SSD1306: Image command failed. code: 0x107[0m
[0;32mI (31268) main: Main blip[0m
[0;31mE (31948) SSD1306: Image command failed. code: 0x107[0m
[0;32mI (32268) main: Main blip[0m
[0;31mE (32268) SSD1306: Image command failed. code: 0x107[0m
[0;31mE (32268) SSD1306: Image command failed. code: 0x107[0m
[0;32mI (33268) main: Main blip[0m
[0;31mE (33268) SSD1306: Image command failed. code: 0x107[0m
[0;32mI (34268) main: Main blip[0m
[0;31mE (34268) SSD1306: Image command failed. code: 0x107[0m
[0;32mI (35268) main: Main blip[0m
[0;31mE (35268) SSD1306: Image command failed. code: 0x107[0m
[0;31mE (35268) SSD1306: Image command failed. code: 0xFFFFFFFF[0m
