ets Jun  8 2016 00:22:57

rst:0x1 (POWERON_RESET),boot:0x13 (SPI_FAST_FLASH_BOOT)
configsip: 0, SPIWP:0xee
clk_drv:0x00,q_drv:0x00,d_drv:0x00,cs0_drv:0x00,hd_drv:0x00,wp_drv:0x00
mode:DIO, clock div:2
load:0x3fff0030,len:7176
load:0x40078000,len:15564
ho 0 tail 12 room 4
load:0x40080400,len:4
load:0x40080404,len:3904
entry 0x40080638
[0;32mI (30) boot: ESP-IDF 5.3.1 2nd stage bootloader[0m
[0;32mI (30) boot: compile time Nov  6 2024 09:19:26[0m
[0;32mI (30) boot: Multicore bootloader[0m
[0;32mI (34) boot: chip revision: v1.0[0m
[0;32mI (38) boot.esp32: SPI Speed      : 40MHz[0m
[0;32mI (43) boot.esp32: SPI Mode       : DIO[0m
[0;32mI (47) boot.esp32: SPI Flash Size : 4MB[0m
[0;32mI (52) boot: Enabling RNG early entropy source...[0m
[0;32mI (57) boot: Partition Table:[0m
[0;32mI (61) boot: ## Label            Usage          Type ST Offset   Length[0m
[0;32mI (68) boot:  0 nvs              WiFi data        01 02 00009000 00006000[0m
[0;32mI (75) boot:  1 phy_init         RF data          01 01 0000f000 00001000[0m
[0;32mI (83) boot:  2 factory          factory app      00 00 00010000 00100000[0m
[0;32mI (90) boot: End of partition table[0m
[0;32mI (95) esp_image: segment 0: paddr=00010020 vaddr=3f400020 size=23994h (145812) map[0m
[0;32mI (153) esp_image: segment 1: paddr=000339bc vaddr=3ffb0000 size=04680h ( 18048) load[0m
[0;32mI (160) esp_image: segment 2: paddr=00038044 vaddr=40080000 size=07fd4h ( 32724) load[0m
[0;32mI (173) esp_image: segment 3: paddr=00040020 vaddr=400d0020 size=8e8fch (583932) map[0m
[0;32mI (373) esp_image: segment 4: paddr=000ce924 vaddr=40087fd4 size=1164ch ( 71244) load[0m
[0;32mI (414) boot: Loaded app from partition at offset 0x10000[0m
[0;32mI (414) boot: Disabling RNG early entropy source...[0m
[0;32mI (426) cpu_start: Multicore app[0m
[0;32mI (435) cpu_start: Pro cpu start user code[0m
[0;32mI (435) cpu_start: cpu freq: 240000000 Hz[0m
[0;32mI (435) app_init: Application information:[0m
[0;32mI (438) app_init: Project name:     Bedclock_IDF_V10[0m
[0;32mI (443) app_init: App version:      1[0m
[0;32mI (448) app_init: Compile time:     Nov  6 2024 09:18:35[0m
[0;32mI (454) app_init: ELF file SHA256:  6fb6ca756...[0m
[0;32mI (459) app_init: ESP-IDF:          5.3.1[0m
[0;32mI (464) efuse_init: Min chip rev:     v0.0[0m
[0;32mI (469) efuse_init: Max chip rev:     v3.99 [0m
[0;32mI (473) efuse_init: Chip rev:         v1.0[0m
[0;32mI (479) heap_init: Initializing. RAM available for dynamic allocation:[0m
[0;32mI (486) heap_init: At 3FFAE6E0 len 00001920 (6 KiB): DRAM[0m
[0;32mI (492) heap_init: At 3FFB9288 len 00026D78 (155 KiB): DRAM[0m
[0;32mI (498) heap_init: At 3FFE0440 len 00003AE0 (14 KiB): D/IRAM[0m
[0;32mI (504) heap_init: At 3FFE4350 len 0001BCB0 (111 KiB): D/IRAM[0m
[0;32mI (511) heap_init: At 40099620 len 000069E0 (26 KiB): IRAM[0m
[0;32mI (518) spi_flash: detected chip: generic[0m
[0;32mI (521) spi_flash: flash io: dio[0m
[0;33mW (526) i2c: This driver is an old driver, please migrate your application code to adapt `driver/i2c_master.h`[0m
[0;32mI (536) main_task: Started on CPU0[0m
[0;32mI (546) main_task: Calling app_main()[0m
[0;32mI (566) wifi station: ESP_WIFI_MODE_STA[0m
I (586) wifi:wifi driver task: 3ffc1298, prio:23, stack:6656, core=0
I (596) wifi:wifi firmware version: ccaebfa
I (596) wifi:wifi certification version: v7.0
I (596) wifi:config NVS flash: enabled
I (596) wifi:config nano formating: disabled
I (596) wifi:Init data frame dynamic rx buffer num: 32
I (606) wifi:Init static rx mgmt buffer num: 5
I (606) wifi:Init management short buffer num: 32
I (616) wifi:Init dynamic tx buffer num: 32
I (616) wifi:Init static rx buffer size: 1600
I (616) wifi:Init static rx buffer num: 10
I (626) wifi:Init dynamic rx buffer num: 32
[0;32mI (626) wifi_init: rx ba win: 6[0m
[0;32mI (636) wifi_init: accept mbox: 6[0m
[0;32mI (636) wifi_init: tcpip mbox: 32[0m
[0;32mI (636) wifi_init: udp mbox: 6[0m
[0;32mI (646) wifi_init: tcp mbox: 6[0m
[0;32mI (646) wifi_init: tcp tx win: 5760[0m
[0;32mI (656) wifi_init: tcp rx win: 5760[0m
[0;32mI (656) wifi_init: tcp mss: 1440[0m
[0;32mI (656) wifi_init: WiFi IRAM OP enabled[0m
[0;32mI (666) wifi_init: WiFi RX IRAM OP enabled[0m
W (666) wifi:Password length matches WPA2 standards, authmode threshold changes from OPEN to WPA2
[0;32mI (676) phy_init: phy_version 4830,54550f7,Jun 20 2024,14:22:08[0m
ï¿½ets Jun  8 2016 00:22:57

rst:0x3 (SW_RESET),boot:0x13 (SPI_FAST_FLASH_BOOT)
configsip: 0, SPIWP:0xee
clk_drv:0x00,q_drv:0x00,d_drv:0x00,cs0_drv:0x00,hd_drv:0x00,wp_drv:0x00
mode:DIO, clock div:2
load:0x3fff0030,len:7176
load:0x40078000,len:15564
ho 0 tail 12 room 4
load:0x40080400,len:4
load:0x40080404,len:3904
entry 0x40080638
[0;32mI (179) boot: ESP-IDF 5.3.1 2nd stage bootloader[0m
[0;32mI (179) boot: compile time Nov  6 2024 09:19:26[0m
[0;32mI (179) boot: Multicore bootloader[0m
[0;32mI (184) boot: chip revision: v1.0[0m
[0;32mI (188) boot.esp32: SPI Speed      : 40MHz[0m
[0;32mI (193) boot.esp32: SPI Mode       : DIO[0m
[0;32mI (198) boot.esp32: SPI Flash Size : 4MB[0m
[0;32mI (202) boot: Enabling RNG early entropy source...[0m
[0;32mI (208) boot: Partition Table:[0m
[0;32mI (211) boot: ## Label            Usage          Type ST Offset   Length[0m
[0;32mI (219) boot:  0 nvs              WiFi data        01 02 00009000 00006000[0m
[0;32mI (226) boot:  1 phy_init         RF data          01 01 0000f000 00001000[0m
[0;32mI (234) boot:  2 factory          factory app      00 00 00010000 00100000[0m
[0;32mI (242) boot: End of partition table[0m
[0;32mI (246) esp_image: segment 0: paddr=00010020 vaddr=3f400020 size=23994h (145812) map[0m
[0;32mI (304) esp_image: segment 1: paddr=000339bc vaddr=3ffb0000 size=04680h ( 18048) load[0m
[0;32mI (311) esp_image: segment 2: paddr=00038044 vaddr=40080000 size=07fd4h ( 32724) load[0m
[0;32mI (324) esp_image: segment 3: paddr=00040020 vaddr=400d0020 size=8e8fch (583932) map[0m
[0;32mI (525) esp_image: segment 4: paddr=000ce924 vaddr=40087fd4 size=1164ch ( 71244) load[0m
[0;32mI (566) boot: Loaded app from partition at offset 0x10000[0m
[0;32mI (566) boot: Disabling RNG early entropy source...[0m
[0;32mI (578) cpu_start: Multicore app[0m
[0;32mI (586) cpu_start: Pro cpu start user code[0m
[0;32mI (586) cpu_start: cpu freq: 240000000 Hz[0m
[0;32mI (586) app_init: Application information:[0m
[0;32mI (589) app_init: Project name:     Bedclock_IDF_V10[0m
[0;32mI (595) app_init: App version:      1[0m
[0;32mI (599) app_init: Compile time:     Nov  6 2024 09:18:35[0m
[0;32mI (605) app_init: ELF file SHA256:  6fb6ca756...[0m
[0;32mI (610) app_init: ESP-IDF:          5.3.1[0m
[0;32mI (615) efuse_init: Min chip rev:     v0.0[0m
[0;32mI (620) efuse_init: Max chip rev:     v3.99 [0m
[0;32mI (625) efuse_init: Chip rev:         v1.0[0m
[0;32mI (630) heap_init: Initializing. RAM available for dynamic allocation:[0m
[0;32mI (637) heap_init: At 3FFAE6E0 len 00001920 (6 KiB): DRAM[0m
[0;32mI (643) heap_init: At 3FFB9288 len 00026D78 (155 KiB): DRAM[0m
[0;32mI (649) heap_init: At 3FFE0440 len 00003AE0 (14 KiB): D/IRAM[0m
[0;32mI (655) heap_init: At 3FFE4350 len 0001BCB0 (111 KiB): D/IRAM[0m
[0;32mI (662) heap_init: At 40099620 len 000069E0 (26 KiB): IRAM[0m
[0;32mI (670) spi_flash: detected chip: generic[0m
[0;32mI (673) spi_flash: flash io: dio[0m
[0;33mW (677) i2c: This driver is an old driver, please migrate your application code to adapt `driver/i2c_master.h`[0m
[0;32mI (688) main_task: Started on CPU0[0m
[0;32mI (698) main_task: Calling app_main()[0m
[0;32mI (718) wifi station: ESP_WIFI_MODE_STA[0m
I (738) wifi:wifi driver task: 3ffc1298, prio:23, stack:6656, core=0
I (748) wifi:wifi firmware version: ccaebfa
I (748) wifi:wifi certification version: v7.0
I (748) wifi:config NVS flash: enabled
I (748) wifi:config nano formating: disabled
I (748) wifi:Init data frame dynamic rx buffer num: 32
I (758) wifi:Init static rx mgmt buffer num: 5
I (758) wifi:Init management short buffer num: 32
I (768) wifi:Init dynamic tx buffer num: 32
I (768) wifi:Init static rx buffer size: 1600
I (768) wifi:Init static rx buffer num: 10
I (778) wifi:Init dynamic rx buffer num: 32
[0;32mI (778) wifi_init: rx ba win: 6[0m
[0;32mI (788) wifi_init: accept mbox: 6[0m
[0;32mI (788) wifi_init: tcpip mbox: 32[0m
[0;32mI (788) wifi_init: udp mbox: 6[0m
[0;32mI (798) wifi_init: tcp mbox: 6[0m
[0;32mI (798) wifi_init: tcp tx win: 5760[0m
[0;32mI (808) wifi_init: tcp rx win: 5760[0m
[0;32mI (808) wifi_init: tcp mss: 1440[0m
[0;32mI (808) wifi_init: WiFi IRAM OP enabled[0m
[0;32mI (818) wifi_init: WiFi RX IRAM OP enabled[0m
W (818) wifi:Password length matches WPA2 standards, authmode threshold changes from OPEN to WPA2
[0;32mI (828) phy_init: phy_version 4830,54550f7,Jun 20 2024,14:22:08[0m
I (898) wifi:mode : sta (8c:aa:b5:8c:5a:cc)
I (908) wifi:enable tsf
[0;32mI (908) wifi station: wifi_init_sta finished.[0m
I (918) wifi:new:<1,0>, old:<1,0>, ap:<255,255>, sta:<1,0>, prof:9, snd_ch_cfg:0x0
I (918) wifi:state: init -> auth (0xb0)
I (938) wifi:state: auth -> assoc (0x0)
I (958) wifi:state: assoc -> run (0x10)
I (988) wifi:connected with Starbux, aid = 2, channel 1, BW20, bssid = dc:15:c8:50:7c:5c
I (988) wifi:security: WPA2-PSK, phy: bgn, rssi: -55
I (988) wifi:pm start, type: 1

I (988) wifi:dp: 1, bi: 102400, li: 3, scale listen interval from 307200 us to 307200 us
I (998) wifi:AP's beacon interval = 102400 us, DTIM period = 1
I (1018) wifi:<ba-add>idx:0 (ifx:0, dc:15:c8:50:7c:5c), tid:6, ssn:2, winSize:64
[0;32mI (2008) esp_netif_handlers: sta ip: 192.168.178.160, mask: 255.255.255.0, gw: 192.168.178.1[0m
[0;32mI (2008) wifi station: got ip:192.168.178.160[0m
[0;32mI (2008) wifi station: connected to ap SSID:Starbux password:RodePleinMoskou2019[0m
[0;32mI (2018) wifi station: Initializing SNTP[0m
[0;31mE (2018) esp_netif_sntp: sntp_init_api(61): Tried to configure SNTP server from DHCP, while disabled. Please enable CONFIG_LWIP_DHCP_GET_NTP_SRV[0m
[0;31mE (2038) esp_netif_sntp: esp_netif_sntp_init(119): Failed initialize SNTP service[0m
[0;32mI (2048) wifi station: Starting SNTP[0m
Local time in Amsterdam: 01:00:02
[0;32mI (2048) display: INTERFACE is i2c[0m
[0;32mI (2058) display: CONFIG_SDA_GPIO=21[0m
[0;32mI (2058) display: CONFIG_SCL_GPIO=22[0m
[0;32mI (2068) display: CONFIG_RESET_GPIO=-1[0m
I (2068) wifi:<ba-add>idx:1 (ifx:0, dc:15:c8:50:7c:5c), tid:0, ssn:0, winSize:64
[0;32mI (2078) SSD1306: Legacy i2c driver is used[0m
[0;32mI (2078) SSD1306: HenkJan: .master.clk_speed = 400000[0m
[0;33mW (2088) display: Flip upside down[0m
[0;32mI (2088) display: Panel is 128x32[0m
[0;32mI (2098) SSD1306: OLED configured successfully[0m
[0;32mI (2138) display: Contrast 255[0m
[0;32mI (2178) keyboard: Starting keyboard task...[0m
[0;32mI (2178) keyboard: Keyboard task started...[0m
[0;32mI (2188) light: Starting light task...[0m
[0;32mI (2198) light: Light task started...[0m
[0;32mI (2198) light: Create RMT TX channel[0m
[0;32mI (2198) gpio: GPIO[23]| InputEn: 0| OutputEn: 1| OpenDrain: 0| Pullup: 1| Pulldown: 0| Intr:0 [0m
[0;32mI (2208) light: Install led strip encoder[0m
[0;32mI (2208) light: Enable RMT TX channel[0m
[0;32mI (2218) light: Start LED rainbow chase[0m
[0;32mI (2218) main: Main blip[0m
[0;32mI (2288) display: Update clock due to minute change[0m
[0;32mI (2288) display: Contrast 255[0m
[0;32mI (3218) main: Main blip[0m
[0;32mI (4228) main: Main blip[0m
[0;32mI (5228) main: Main blip[0m
[0;32mI (6228) main: Main blip[0m
[0;32mI (7228) main: Main blip[0m
[0;32mI (8228) main: Main blip[0m
[0;32mI (9228) main: Main blip[0m
[0;32mI (10228) main: Main blip[0m
[0;32mI (11228) main: Main blip[0m
[0;32mI (12228) main: Main blip[0m
[0;32mI (13228) main: Main blip[0m
[0;32mI (14228) main: Main blip[0m
[0;32mI (15228) main: Main blip[0m
[0;32mI (16228) main: Main blip[0m
[0;32mI (17228) main: Main blip[0m
[0;32mI (18228) main: Main blip[0m
[0;32mI (19228) main: Main blip[0m
[0;32mI (20228) main: Main blip[0m
[0;32mI (21228) main: Main blip[0m
[0;32mI (22228) main: Main blip[0m
[0;32mI (22298) display: Display back to sleep[0m
[0;32mI (22298) display: Contrast 255[0m
[0;32mI (23228) main: Main blip[0m
[0;32mI (24228) main: Main blip[0m
[0;32mI (25228) main: Main blip[0m
[0;32mI (26228) main: Main blip[0m
[0;32mI (27228) main: Main blip[0m
[0;32mI (28228) main: Main blip[0m
[0;32mI (29228) main: Main blip[0m
[0;32mI (30228) main: Main blip[0m
[0;32mI (31228) main: Main blip[0m
[0;32mI (32228) main: Main blip[0m
[0;32mI (33228) main: Main blip[0m
[0;32mI (34228) main: Main blip[0m
[0;32mI (35228) main: Main blip[0m
[0;32mI (36228) main: Main blip[0m
[0;32mI (37038) keyboard: Left button filtered value 14[0m
[0;32mI (37048) display: item received BTN_LEFT[0m
[0;32mI (37048) display: Contrast 255[0m
[0;32mI (37228) main: Main blip[0m
[0;32mI (37638) keyboard: Left button filtered value 31[0m
[0;32mI (37648) display: item received BTN_LEFT[0m
[0;32mI (37648) display: Contrast 255[0m
[0;32mI (38058) keyboard: Left button filtered value 57[0m
[0;32mI (38068) display: item received BTN_LEFT[0m
[0;32mI (38068) display: Contrast 255[0m
[0;32mI (38228) main: Main blip[0m
[0;32mI (38538) keyboard: Left button filtered value 83[0m
[0;32mI (38548) display: item received BTN_LEFT[0m
[0;32mI (38548) display: Contrast 255[0m
[0;32mI (39018) keyboard: Left button filtered value 104[0m
[0;32mI (39028) display: item received BTN_LEFT[0m
[0;32mI (39028) display: Contrast 255[0m
[0;32mI (39228) main: Main blip[0m
[0;32mI (40168) keyboard: Right button filtered value 182[0m
[0;32mI (40198) display: item received BTN_RIGHT[0m
[0;32mI (40198) display: Increase display intensity[0m
[0;32mI (40198) display: Contrast 1[0m
[0;32mI (40228) main: Main blip[0m
[0;32mI (40948) keyboard: Right button filtered value 235[0m
[0;32mI (40948) display: item received BTN_RIGHT[0m
[0;32mI (40948) display: Increase display intensity[0m
[0;32mI (40948) display: Contrast 3[0m
[0;32mI (41228) main: Main blip[0m
[0;32mI (41608) keyboard: Right button filtered value 181[0m
[0;32mI (41608) display: item received BTN_RIGHT[0m
[0;32mI (41608) display: Increase display intensity[0m
[0;32mI (41608) display: Contrast 15[0m
[0;32mI (42228) main: Main blip[0m
[0;32mI (42868) keyboard: Right button filtered value 369[0m
[0;32mI (42868) display: item received BTN_RIGHT[0m
[0;32mI (42868) display: Increase display intensity[0m
[0;32mI (42868) display: Contrast 63[0m
[0;32mI (43228) main: Main blip[0m
[0;32mI (43528) keyboard: Right button filtered value 251[0m
[0;32mI (43528) display: item received BTN_RIGHT[0m
[0;32mI (43528) display: Increase display intensity[0m
[0;32mI (43528) display: Contrast 255[0m
[0;32mI (44228) main: Main blip[0m
[0;32mI (44248) keyboard: Right button filtered value 527[0m
[0;32mI (44248) display: item received BTN_RIGHT[0m
[0;32mI (44248) display: Increase display intensity[0m
[0;32mI (44248) display: Contrast 1[0m
[0;32mI (44968) keyboard: Right button filtered value 326[0m
[0;32mI (44968) display: item received BTN_RIGHT[0m
[0;32mI (44968) display: Increase display intensity[0m
[0;32mI (44968) display: Contrast 3[0m
[0;32mI (45228) main: Main blip[0m
[0;32mI (45508) keyboard: Right button filtered value 335[0m
[0;32mI (45538) display: item received BTN_RIGHT[0m
[0;32mI (45538) display: Increase display intensity[0m
[0;32mI (45538) display: Contrast 15[0m
[0;32mI (45928) keyboard: Right button filtered value 298[0m
[0;32mI (45958) display: item received BTN_RIGHT[0m
[0;32mI (45958) display: Increase display intensity[0m
[0;32mI (45958) display: Contrast 63[0m
[0;32mI (46228) main: Main blip[0m
[0;32mI (47228) main: Main blip[0m
[0;32mI (47908) keyboard: Right button filtered value 631[0m
[0;32mI (47908) display: item received BTN_RIGHT[0m
[0;32mI (47908) display: Increase display intensity[0m
[0;32mI (47908) display: Contrast 255[0m
[0;32mI (48228) main: Main blip[0m
[0;32mI (48328) keyboard: Right button filtered value 434[0m
[0;32mI (48328) display: item received BTN_RIGHT[0m
[0;32mI (48328) display: Increase display intensity[0m
[0;32mI (48328) display: Contrast 1[0m
[0;32mI (49228) main: Main blip[0m
[0;32mI (50228) main: Main blip[0m
[0;32mI (51228) main: Main blip[0m
[0;32mI (52228) main: Main blip[0m
[0;32mI (53228) main: Main blip[0m
[0;32mI (54228) main: Main blip[0m
[0;32mI (55228) main: Main blip[0m
[0;32mI (56228) main: Main blip[0m
[0;32mI (57228) main: Main blip[0m
[0;32mI (58228) main: Main blip[0m
[0;32mI (59228) main: Main blip[0m
[0;32mI (60228) main: Main blip[0m
[0;32mI (61228) main: Main blip[0m
[0;32mI (62228) main: Main blip[0m
[0;32mI (63228) main: Main blip[0m
[0;32mI (64228) main: Main blip[0m
[0;32mI (65228) main: Main blip[0m
[0;32mI (66228) main: Main blip[0m
[0;32mI (67228) main: Main blip[0m
[0;32mI (68228) main: Main blip[0m
[0;32mI (68348) display: Display back to sleep[0m
[0;32mI (68348) display: Contrast 1[0m
[0;32mI (69228) main: Main blip[0m
[0;32mI (70228) main: Main blip[0m
[0;32mI (71228) main: Main blip[0m
[0;32mI (72228) main: Main blip[0m
[0;32mI (73228) main: Main blip[0m
[0;32mI (74228) main: Main blip[0m
[0;32mI (75228) main: Main blip[0m
[0;32mI (76228) main: Main blip[0m
[0;32mI (77228) main: Main blip[0m
[0;32mI (78228) main: Main blip[0m
[0;32mI (79228) main: Main blip[0m
[0;32mI (80228) main: Main blip[0m
[0;32mI (81228) main: Main blip[0m
[0;32mI (82228) main: Main blip[0m
[0;32mI (83228) main: Main blip[0m
[0;32mI (84228) main: Main blip[0m
[0;32mI (85228) main: Main blip[0m
[0;32mI (86228) main: Main blip[0m
[0;32mI (87228) main: Main blip[0m
[0;32mI (88228) main: Main blip[0m
[0;32mI (89228) main: Main blip[0m
[0;32mI (90228) main: Main blip[0m
[0;32mI (91228) main: Main blip[0m
[0;32mI (92228) main: Main blip[0m
[0;32mI (93228) main: Main blip[0m
[0;32mI (94228) main: Main blip[0m
[0;32mI (95228) main: Main blip[0m
[0;32mI (96228) main: Main blip[0m
[0;32mI (97228) main: Main blip[0m
[0;32mI (98228) main: Main blip[0m
[0;32mI (99228) main: Main blip[0m
[0;32mI (100228) main: Main blip[0m
[0;32mI (101228) main: Main blip[0m
[0;32mI (102228) main: Main blip[0m
[0;32mI (103228) main: Main blip[0m
[0;32mI (104228) main: Main blip[0m
[0;32mI (105228) main: Main blip[0m
[0;32mI (106228) main: Main blip[0m
[0;32mI (107228) main: Main blip[0m
[0;32mI (108228) main: Main blip[0m
[0;32mI (109228) main: Main blip[0m
[0;32mI (110228) main: Main blip[0m
[0;32mI (111228) main: Main blip[0m
[0;32mI (112228) main: Main blip[0m
[0;32mI (113228) main: Main blip[0m
[0;32mI (114228) main: Main blip[0m
[0;32mI (115228) main: Main blip[0m
[0;32mI (116228) main: Main blip[0m
[0;32mI (117228) main: Main blip[0m
[0;32mI (118228) main: Main blip[0m
[0;32mI (119228) main: Main blip[0m
