ets Jun  8 2016 00:22:57

rst:0x1 (POWERON_RESET),boot:0x13 (SPI_FAST_FLASH_BOOT)
configsip: 0, SPIWP:0xee
clk_drv:0x00,q_drv:0x00,d_drv:0x00,cs0_drv:0x00,hd_drv:0x00,wp_drv:0x00
mode:DIO, clock div:2
load:0x3fff0030,len:7176
load:0x40078000,len:15564
ho 0 tail 12 room 4
load:0x40080400,len:4
load:0x40080404,len:3904
entry 0x40080638
[0;32mI (30) boot: ESP-IDF 5.3.1 2nd stage bootloader[0m
[0;32mI (30) boot: compile time Nov  6 2024 09:19:26[0m
[0;32mI (30) boot: Multicore bootloader[0m
[0;32mI (34) boot: chip revision: v1.0[0m
[0;32mI (38) boot.esp32: SPI Speed      : 40MHz[0m
[0;32mI (43) boot.esp32: SPI Mode       : DIO[0m
[0;32mI (47) boot.esp32: SPI Flash Size : 4MB[0m
[0;32mI (52) boot: Enabling RNG early entropy source...[0m
[0;32mI (57) boot: Partition Table:[0m
[0;32mI (61) boot: ## Label            Usage          Type ST Offset   Length[0m
[0;32mI (68) boot:  0 nvs              WiFi data        01 02 00009000 00006000[0m
[0;32mI (75) boot:  1 phy_init         RF data          01 01 0000f000 00001000[0m
[0;32mI (83) boot:  2 factory          factory app      00 00 00010000 00100000[0m
[0;32mI (90) boot: End of partition table[0m
[0;32mI (95) esp_image: segment 0: paddr=00010020 vaddr=3f400020 size=239a4h (145828) map[0m
[0;32mI (153) esp_image: segment 1: paddr=000339cc vaddr=3ffb0000 size=04680h ( 18048) load[0m
[0;32mI (160) esp_image: segment 2: paddr=00038054 vaddr=40080000 size=07fc4h ( 32708) load[0m
[0;32mI (173) esp_image: segment 3: paddr=00040020 vaddr=400d0020 size=8e920h (583968) map[0m
[0;32mI (373) esp_image: segment 4: paddr=000ce948 vaddr=40087fc4 size=1165ch ( 71260) load[0m
[0;32mI (414) boot: Loaded app from partition at offset 0x10000[0m
[0;32mI (414) boot: Disabling RNG early entropy source...[0m
[0;32mI (426) cpu_start: Multicore app[0m
[0;32mI (435) cpu_start: Pro cpu start user code[0m
[0;32mI (435) cpu_start: cpu freq: 240000000 Hz[0m
[0;32mI (435) app_init: Application information:[0m
[0;32mI (438) app_init: Project name:     Bedclock_IDF_V10[0m
[0;32mI (443) app_init: App version:      1[0m
[0;32mI (448) app_init: Compile time:     Nov  6 2024 09:18:35[0m
[0;32mI (454) app_init: ELF file SHA256:  761382eff...[0m
[0;32mI (459) app_init: ESP-IDF:          5.3.1[0m
[0;32mI (464) efuse_init: Min chip rev:     v0.0[0m
[0;32mI (469) efuse_init: Max chip rev:     v3.99 [0m
[0;32mI (473) efuse_init: Chip rev:         v1.0[0m
[0;32mI (479) heap_init: Initializing. RAM available for dynamic allocation:[0m
[0;32mI (486) heap_init: At 3FFAE6E0 len 00001920 (6 KiB): DRAM[0m
[0;32mI (492) heap_init: At 3FFB9288 len 00026D78 (155 KiB): DRAM[0m
[0;32mI (498) heap_init: At 3FFE0440 len 00003AE0 (14 KiB): D/IRAM[0m
[0;32mI (504) heap_init: At 3FFE4350 len 0001BCB0 (111 KiB): D/IRAM[0m
[0;32mI (511) heap_init: At 40099620 len 000069E0 (26 KiB): IRAM[0m
[0;32mI (518) spi_flash: detected chip: generic[0m
[0;32mI (521) spi_flash: flash io: dio[0m
[0;33mW (526) i2c: This driver is an old driver, please migrate your application code to adapt `driver/i2c_master.h`[0m
[0;32mI (537) main_task: Started on CPU0[0m
[0;32mI (547) main_task: Calling app_main()[0m
[0;32mI (567) wifi station: ESP_WIFI_MODE_STA[0m
I (587) wifi:wifi driver task: 3ffc1298, prio:23, stack:6656, core=0
I (597) wifi:wifi firmware version: ccaebfa
I (597) wifi:wifi certification version: v7.0
I (597) wifi:config NVS flash: enabled
I (597) wifi:config nano formating: disabled
I (597) wifi:Init data frame dynamic rx buffer num: 32
I (607) wifi:Init static rx mgmt buffer num: 5
I (607) wifi:Init management short buffer num: 32
I (617) wifi:Init dynamic tx buffer num: 32
I (617) wifi:Init static rx buffer size: 1600
I (617) wifi:Init static rx buffer num: 10
I (627) wifi:Init dynamic rx buffer num: 32
[0;32mI (627) wifi_init: rx ba win: 6[0m
[0;32mI (637) wifi_init: accept mbox: 6[0m
[0;32mI (637) wifi_init: tcpip mbox: 32[0m
[0;32mI (637) wifi_init: udp mbox: 6[0m
[0;32mI (647) wifi_init: tcp mbox: 6[0m
[0;32mI (647) wifi_init: tcp tx win: 5760[0m
[0;32mI (657) wifi_init: tcp rx win: 5760[0m
[0;32mI (657) wifi_init: tcp mss: 1440[0m
[0;32mI (657) wifi_init: WiFi IRAM OP enabled[0m
[0;32mI (667) wifi_init: WiFi RX IRAM OP enabled[0m
W (667) wifi:Password length matches WPA2 standards, authmode threshold changes from OPEN to WPA2
[0;32mI (677) phy_init: phy_version 4830,54550f7,Jun 20 2024,14:22:08[0m
ï¿½ets Jun  8 2016 00:22:57

rst:0x3 (SW_RESET),boot:0x13 (SPI_FAST_FLASH_BOOT)
configsip: 0, SPIWP:0xee
clk_drv:0x00,q_drv:0x00,d_drv:0x00,cs0_drv:0x00,hd_drv:0x00,wp_drv:0x00
mode:DIO, clock div:2
load:0x3fff0030,len:7176
load:0x40078000,len:15564
ho 0 tail 12 room 4
load:0x40080400,len:4
load:0x40080404,len:3904
entry 0x40080638
[0;32mI (179) boot: ESP-IDF 5.3.1 2nd stage bootloader[0m
[0;32mI (179) boot: compile time Nov  6 2024 09:19:26[0m
[0;32mI (179) boot: Multicore bootloader[0m
[0;32mI (184) boot: chip revision: v1.0[0m
[0;32mI (188) boot.esp32: SPI Speed      : 40MHz[0m
[0;32mI (193) boot.esp32: SPI Mode       : DIO[0m
[0;32mI (198) boot.esp32: SPI Flash Size : 4MB[0m
[0;32mI (202) boot: Enabling RNG early entropy source...[0m
[0;32mI (208) boot: Partition Table:[0m
[0;32mI (211) boot: ## Label            Usage          Type ST Offset   Length[0m
[0;32mI (219) boot:  0 nvs              WiFi data        01 02 00009000 00006000[0m
[0;32mI (226) boot:  1 phy_init         RF data          01 01 0000f000 00001000[0m
[0;32mI (234) boot:  2 factory          factory app      00 00 00010000 00100000[0m
[0;32mI (242) boot: End of partition table[0m
[0;32mI (246) esp_image: segment 0: paddr=00010020 vaddr=3f400020 size=239a4h (145828) map[0m
[0;32mI (304) esp_image: segment 1: paddr=000339cc vaddr=3ffb0000 size=04680h ( 18048) load[0m
[0;32mI (311) esp_image: segment 2: paddr=00038054 vaddr=40080000 size=07fc4h ( 32708) load[0m
[0;32mI (324) esp_image: segment 3: paddr=00040020 vaddr=400d0020 size=8e920h (583968) map[0m
[0;32mI (525) esp_image: segment 4: paddr=000ce948 vaddr=40087fc4 size=1165ch ( 71260) load[0m
[0;32mI (566) boot: Loaded app from partition at offset 0x10000[0m
[0;32mI (566) boot: Disabling RNG early entropy source...[0m
[0;32mI (578) cpu_start: Multicore app[0m
[0;32mI (586) cpu_start: Pro cpu start user code[0m
[0;32mI (586) cpu_start: cpu freq: 240000000 Hz[0m
[0;32mI (586) app_init: Application information:[0m
[0;32mI (589) app_init: Project name:     Bedclock_IDF_V10[0m
[0;32mI (595) app_init: App version:      1[0m
[0;32mI (599) app_init: Compile time:     Nov  6 2024 09:18:35[0m
[0;32mI (605) app_init: ELF file SHA256:  761382eff...[0m
[0;32mI (610) app_init: ESP-IDF:          5.3.1[0m
[0;32mI (615) efuse_init: Min chip rev:     v0.0[0m
[0;32mI (620) efuse_init: Max chip rev:     v3.99 [0m
[0;32mI (625) efuse_init: Chip rev:         v1.0[0m
[0;32mI (630) heap_init: Initializing. RAM available for dynamic allocation:[0m
[0;32mI (637) heap_init: At 3FFAE6E0 len 00001920 (6 KiB): DRAM[0m
[0;32mI (643) heap_init: At 3FFB9288 len 00026D78 (155 KiB): DRAM[0m
[0;32mI (649) heap_init: At 3FFE0440 len 00003AE0 (14 KiB): D/IRAM[0m
[0;32mI (655) heap_init: At 3FFE4350 len 0001BCB0 (111 KiB): D/IRAM[0m
[0;32mI (662) heap_init: At 40099620 len 000069E0 (26 KiB): IRAM[0m
[0;32mI (669) spi_flash: detected chip: generic[0m
[0;32mI (673) spi_flash: flash io: dio[0m
[0;33mW (677) i2c: This driver is an old driver, please migrate your application code to adapt `driver/i2c_master.h`[0m
[0;32mI (688) main_task: Started on CPU0[0m
[0;32mI (698) main_task: Calling app_main()[0m
[0;32mI (718) wifi station: ESP_WIFI_MODE_STA[0m
I (738) wifi:wifi driver task: 3ffc1298, prio:23, stack:6656, core=0
I (748) wifi:wifi firmware version: ccaebfa
I (748) wifi:wifi certification version: v7.0
I (748) wifi:config NVS flash: enabled
I (748) wifi:config nano formating: disabled
I (748) wifi:Init data frame dynamic rx buffer num: 32
I (758) wifi:Init static rx mgmt buffer num: 5
I (758) wifi:Init management short buffer num: 32
I (768) wifi:Init dynamic tx buffer num: 32
I (768) wifi:Init static rx buffer size: 1600
I (768) wifi:Init static rx buffer num: 10
I (778) wifi:Init dynamic rx buffer num: 32
[0;32mI (778) wifi_init: rx ba win: 6[0m
[0;32mI (788) wifi_init: accept mbox: 6[0m
[0;32mI (788) wifi_init: tcpip mbox: 32[0m
[0;32mI (788) wifi_init: udp mbox: 6[0m
[0;32mI (798) wifi_init: tcp mbox: 6[0m
[0;32mI (798) wifi_init: tcp tx win: 5760[0m
[0;32mI (808) wifi_init: tcp rx win: 5760[0m
[0;32mI (808) wifi_init: tcp mss: 1440[0m
[0;32mI (808) wifi_init: WiFi IRAM OP enabled[0m
[0;32mI (818) wifi_init: WiFi RX IRAM OP enabled[0m
W (818) wifi:Password length matches WPA2 standards, authmode threshold changes from OPEN to WPA2
[0;32mI (828) phy_init: phy_version 4830,54550f7,Jun 20 2024,14:22:08[0m
I (898) wifi:mode : sta (8c:aa:b5:8c:5a:cc)
I (908) wifi:enable tsf
[0;32mI (908) wifi station: wifi_init_sta finished.[0m
I (918) wifi:new:<1,0>, old:<1,0>, ap:<255,255>, sta:<1,0>, prof:9, snd_ch_cfg:0x0
I (918) wifi:state: init -> auth (0xb0)
I (928) wifi:state: auth -> assoc (0x0)
I (938) wifi:state: assoc -> run (0x10)
I (978) wifi:connected with Starbux, aid = 2, channel 1, BW20, bssid = dc:15:c8:50:7c:5c
I (978) wifi:security: WPA2-PSK, phy: bgn, rssi: -67
I (988) wifi:pm start, type: 1

I (988) wifi:dp: 1, bi: 102400, li: 3, scale listen interval from 307200 us to 307200 us
I (1008) wifi:<ba-add>idx:0 (ifx:0, dc:15:c8:50:7c:5c), tid:6, ssn:2, winSize:64
I (1018) wifi:AP's beacon interval = 102400 us, DTIM period = 1
[0;32mI (1998) esp_netif_handlers: sta ip: 192.168.178.160, mask: 255.255.255.0, gw: 192.168.178.1[0m
[0;32mI (1998) wifi station: got ip:192.168.178.160[0m
[0;32mI (1998) wifi station: connected to ap SSID:Starbux password:RodePleinMoskou2019[0m
[0;32mI (2008) wifi station: Initializing SNTP[0m
[0;31mE (2008) esp_netif_sntp: sntp_init_api(61): Tried to configure SNTP server from DHCP, while disabled. Please enable CONFIG_LWIP_DHCP_GET_NTP_SRV[0m
[0;31mE (2028) esp_netif_sntp: esp_netif_sntp_init(119): Failed initialize SNTP service[0m
[0;32mI (2038) wifi station: Starting SNTP[0m
Local time in Amsterdam: 01:00:02
[0;32mI (2048) display: INTERFACE is i2c[0m
[0;32mI (2048) display: CONFIG_SDA_GPIO=21[0m
I (2048) wifi:<ba-add>idx:1 (ifx:0, dc:15:c8:50:7c:5c), tid:0, ssn:0, winSize:64
[0;32mI (2058) display: CONFIG_SCL_GPIO=22[0m
[0;32mI (2058) display: CONFIG_RESET_GPIO=-1[0m
[0;32mI (2068) SSD1306: Legacy i2c driver is used[0m
[0;32mI (2068) SSD1306: HenkJan: .master.clk_speed = 400000[0m
[0;33mW (2078) display: Flip upside down[0m
[0;32mI (2078) display: Panel is 128x32[0m
[0;31mE (3088) SSD1306: OLED configuration failed. code: 0x107[0m
[0;31mE (4088) SSD1306: Image command failed. code: 0x107[0m
[0;31mE (5088) SSD1306: Image command failed. code: 0x107[0m
[0;31mE (6088) SSD1306: Image command failed. code: 0x107[0m
[0;31mE (7088) SSD1306: Image command failed. code: 0x107[0m
[0;31mE (8088) SSD1306: Image command failed. code: 0x107[0m
[0;31mE (9088) SSD1306: Image command failed. code: 0x107[0m
[0;31mE (10088) SSD1306: Image command failed. code: 0x107[0m
[0;31mE (11088) SSD1306: Image command failed. code: 0x107[0m
[0;31mE (12088) SSD1306: Image command failed. code: 0x107[0m
[0;31mE (13088) SSD1306: Image command failed. code: 0x107[0m
[0;31mE (14088) SSD1306: Image command failed. code: 0x107[0m
[0;31mE (15088) SSD1306: Image command failed. code: 0x107[0m
[0;31mE (16088) SSD1306: Image command failed. code: 0x107[0m
[0;31mE (17088) SSD1306: Image command failed. code: 0x107[0m
[0;31mE (18088) SSD1306: Image command failed. code: 0x107[0m
[0;31mE (19088) SSD1306: Image command failed. code: 0x107[0m
[0;31mE (20088) SSD1306: Image command failed. code: 0x107[0m
[0;31mE (21088) SSD1306: Image command failed. code: 0x107[0m
[0;31mE (22088) SSD1306: Image command failed. code: 0x107[0m
[0;31mE (23088) SSD1306: Image command failed. code: 0x107[0m
[0;31mE (24088) SSD1306: Image command failed. code: 0x107[0m
[0;31mE (25088) SSD1306: Image command failed. code: 0x107[0m
[0;31mE (26088) SSD1306: Image command failed. code: 0x107[0m
[0;31mE (27088) SSD1306: Image command failed. code: 0x107[0m
[0;31mE (28088) SSD1306: Image command failed. code: 0x107[0m
[0;31mE (29088) SSD1306: Image command failed. code: 0x107[0m
[0;31mE (30088) SSD1306: Image command failed. code: 0x107[0m
[0;31mE (31088) SSD1306: Image command failed. code: 0x107[0m
[0;31mE (32088) SSD1306: Image command failed. code: 0x107[0m
[0;31mE (33088) SSD1306: Image command failed. code: 0x107[0m
[0;31mE (34088) SSD1306: Image command failed. code: 0x107[0m
[0;31mE (35088) SSD1306: Image command failed. code: 0x107[0m
[0;31mE (36088) SSD1306: Image command failed. code: 0x107[0m
[0;31mE (37088) SSD1306: Image command failed. code: 0x107[0m
[0;31mE (38088) SSD1306: Image command failed. code: 0x107[0m
[0;31mE (39088) SSD1306: Image command failed. code: 0x107[0m
[0;31mE (40088) SSD1306: Image command failed. code: 0x107[0m
[0;31mE (41088) SSD1306: Image command failed. code: 0x107[0m
[0;31mE (42088) SSD1306: Image command failed. code: 0x107[0m
[0;31mE (43088) SSD1306: Image command failed. code: 0x107[0m
[0;31mE (44088) SSD1306: Image command failed. code: 0x107[0m
[0;31mE (45088) SSD1306: Image command failed. code: 0x107[0m
[0;31mE (46088) SSD1306: Image command failed. code: 0x107[0m
[0;31mE (47088) SSD1306: Image command failed. code: 0x107[0m
[0;31mE (48088) SSD1306: Image command failed. code: 0x107[0m
[0;31mE (49088) SSD1306: Image command failed. code: 0x107[0m
[0;31mE (50088) SSD1306: Image command failed. code: 0x107[0m
[0;31mE (51088) SSD1306: Image command failed. code: 0x107[0m
[0;31mE (52088) SSD1306: Image command failed. code: 0x107[0m
[0;31mE (53088) SSD1306: Image command failed. code: 0x107[0m
[0;31mE (54088) SSD1306: Image command failed. code: 0x107[0m
[0;31mE (55088) SSD1306: Image command failed. code: 0x107[0m
[0;31mE (56088) SSD1306: Image command failed. code: 0x107[0m
[0;31mE (57088) SSD1306: Image command failed. code: 0x107[0m
[0;31mE (58088) SSD1306: Image command failed. code: 0x107[0m
[0;31mE (59088) SSD1306: Image command failed. code: 0x107[0m
[0;31mE (60088) SSD1306: Image command failed. code: 0x107[0m
[0;31mE (61088) SSD1306: Image command failed. code: 0x107[0m
[0;31mE (62088) SSD1306: Image command failed. code: 0x107[0m
[0;31mE (63088) SSD1306: Image command failed. code: 0x107[0m
[0;31mE (64088) SSD1306: Image command failed. code: 0x107[0m
[0;31mE (65088) SSD1306: Image command failed. code: 0x107[0m
[0;31mE (66088) SSD1306: Image command failed. code: 0x107[0m
[0;31mE (67088) SSD1306: Image command failed. code: 0x107[0m
[0;31mE (68088) SSD1306: Image command failed. code: 0x107[0m
[0;31mE (69088) SSD1306: Image command failed. code: 0x107[0m
[0;31mE (70088) SSD1306: Image command failed. code: 0x107[0m
[0;31mE (71088) SSD1306: Image command failed. code: 0x107[0m
[0;31mE (72088) SSD1306: Image command failed. code: 0x107[0m
[0;31mE (73088) SSD1306: Image command failed. code: 0x107[0m
[0;31mE (74088) SSD1306: Image command failed. code: 0x107[0m
[0;31mE (75088) SSD1306: Image command failed. code: 0x107[0m
[0;31mE (76088) SSD1306: Image command failed. code: 0x107[0m
