ets Jun  8 2016 00:22:57

rst:0x1 (POWERON_RESET),boot:0x13 (SPI_FAST_FLASH_BOOT)
configsip: 0, SPIWP:0xee
clk_drv:0x00,q_drv:0x00,d_drv:0x00,cs0_drv:0x00,hd_drv:0x00,wp_drv:0x00
mode:DIO, clock div:2
load:0x3fff0030,len:7176
load:0x40078000,len:15564
ho 0 tail 12 room 4
load:0x40080400,len:4
load:0x40080404,len:3904
entry 0x40080638
[0;32mI (30) boot: ESP-IDF 5.3.1 2nd stage bootloader[0m
[0;32mI (30) boot: compile time Nov  5 2024 15:36:01[0m
[0;32mI (30) boot: Multicore bootloader[0m
[0;32mI (34) boot: chip revision: v1.0[0m
[0;32mI (38) boot.esp32: SPI Speed      : 40MHz[0m
[0;32mI (43) boot.esp32: SPI Mode       : DIO[0m
[0;32mI (47) boot.esp32: SPI Flash Size : 4MB[0m
[0;32mI (52) boot: Enabling RNG early entropy source...[0m
[0;32mI (57) boot: Partition Table:[0m
[0;32mI (61) boot: ## Label            Usage          Type ST Offset   Length[0m
[0;32mI (68) boot:  0 nvs              WiFi data        01 02 00009000 00006000[0m
[0;32mI (76) boot:  1 phy_init         RF data          01 01 0000f000 00001000[0m
[0;32mI (83) boot:  2 factory          factory app      00 00 00010000 00100000[0m
[0;32mI (91) boot: End of partition table[0m
[0;32mI (95) esp_image: segment 0: paddr=00010020 vaddr=3f400020 size=23974h (145780) map[0m
[0;32mI (153) esp_image: segment 1: paddr=0003399c vaddr=3ffb0000 size=04680h ( 18048) load[0m
[0;32mI (160) esp_image: segment 2: paddr=00038024 vaddr=40080000 size=07ff4h ( 32756) load[0m
[0;32mI (173) esp_image: segment 3: paddr=00040020 vaddr=400d0020 size=8e8a4h (583844) map[0m
[0;32mI (373) esp_image: segment 4: paddr=000ce8cc vaddr=40087ff4 size=1162ch ( 71212) load[0m
[0;32mI (414) boot: Loaded app from partition at offset 0x10000[0m
[0;32mI (414) boot: Disabling RNG early entropy source...[0m
[0;32mI (426) cpu_start: Multicore app[0m
[0;32mI (435) cpu_start: Pro cpu start user code[0m
[0;32mI (435) cpu_start: cpu freq: 240000000 Hz[0m
[0;32mI (435) app_init: Application information:[0m
[0;32mI (438) app_init: Project name:     Bedclock_IDF_V10[0m
[0;32mI (443) app_init: App version:      1[0m
[0;32mI (448) app_init: Compile time:     Nov  5 2024 15:35:35[0m
[0;32mI (454) app_init: ELF file SHA256:  fcb838246...[0m
[0;32mI (459) app_init: ESP-IDF:          5.3.1[0m
[0;32mI (464) efuse_init: Min chip rev:     v0.0[0m
[0;32mI (469) efuse_init: Max chip rev:     v3.99 [0m
[0;32mI (474) efuse_init: Chip rev:         v1.0[0m
[0;32mI (479) heap_init: Initializing. RAM available for dynamic allocation:[0m
[0;32mI (486) heap_init: At 3FFAE6E0 len 00001920 (6 KiB): DRAM[0m
[0;32mI (492) heap_init: At 3FFB92B0 len 00026D50 (155 KiB): DRAM[0m
[0;32mI (498) heap_init: At 3FFE0440 len 00003AE0 (14 KiB): D/IRAM[0m
[0;32mI (504) heap_init: At 3FFE4350 len 0001BCB0 (111 KiB): D/IRAM[0m
[0;32mI (511) heap_init: At 40099620 len 000069E0 (26 KiB): IRAM[0m
[0;32mI (518) spi_flash: detected chip: generic[0m
[0;32mI (521) spi_flash: flash io: dio[0m
[0;33mW (526) i2c: This driver is an old driver, please migrate your application code to adapt `driver/i2c_master.h`[0m
[0;32mI (537) main_task: Started on CPU0[0m
[0;32mI (547) main_task: Calling app_main()[0m
[0;32mI (567) wifi station: ESP_WIFI_MODE_STA[0m
I (587) wifi:wifi driver task: 3ffc12c0, prio:23, stack:6656, core=0
I (597) wifi:wifi firmware version: ccaebfa
I (597) wifi:wifi certification version: v7.0
I (597) wifi:config NVS flash: enabled
I (597) wifi:config nano formating: disabled
I (597) wifi:Init data frame dynamic rx buffer num: 32
I (607) wifi:Init static rx mgmt buffer num: 5
I (607) wifi:Init management short buffer num: 32
I (617) wifi:Init dynamic tx buffer num: 32
I (617) wifi:Init static rx buffer size: 1600
I (617) wifi:Init static rx buffer num: 10
I (627) wifi:Init dynamic rx buffer num: 32
[0;32mI (627) wifi_init: rx ba win: 6[0m
[0;32mI (637) wifi_init: accept mbox: 6[0m
[0;32mI (637) wifi_init: tcpip mbox: 32[0m
[0;32mI (637) wifi_init: udp mbox: 6[0m
[0;32mI (647) wifi_init: tcp mbox: 6[0m
[0;32mI (647) wifi_init: tcp tx win: 5760[0m
[0;32mI (657) wifi_init: tcp rx win: 5760[0m
[0;32mI (657) wifi_init: tcp mss: 1440[0m
[0;32mI (657) wifi_init: WiFi IRAM OP enabled[0m
[0;32mI (667) wifi_init: WiFi RX IRAM OP enabled[0m
W (667) wifi:Password length matches WPA2 standards, authmode threshold changes from OPEN to WPA2
[0;32mI (677) phy_init: phy_version 4830,54550f7,Jun 20 2024,14:22:08[0m
ï¿½ets Jun  8 2016 00:22:57

rst:0x3 (SW_RESET),boot:0x13 (SPI_FAST_FLASH_BOOT)
configsip: 0, SPIWP:0xee
clk_drv:0x00,q_drv:0x00,d_drv:0x00,cs0_drv:0x00,hd_drv:0x00,wp_drv:0x00
mode:DIO, clock div:2
load:0x3fff0030,len:7176
load:0x40078000,len:15564
ho 0 tail 12 room 4
load:0x40080400,len:4
load:0x40080404,len:3904
entry 0x40080638
[0;32mI (179) boot: ESP-IDF 5.3.1 2nd stage bootloader[0m
[0;32mI (179) boot: compile time Nov  5 2024 15:36:01[0m
[0;32mI (179) boot: Multicore bootloader[0m
[0;32mI (184) boot: chip revision: v1.0[0m
[0;32mI (188) boot.esp32: SPI Speed      : 40MHz[0m
[0;32mI (193) boot.esp32: SPI Mode       : DIO[0m
[0;32mI (198) boot.esp32: SPI Flash Size : 4MB[0m
[0;32mI (202) boot: Enabling RNG early entropy source...[0m
[0;32mI (208) boot: Partition Table:[0m
[0;32mI (211) boot: ## Label            Usage          Type ST Offset   Length[0m
[0;32mI (219) boot:  0 nvs              WiFi data        01 02 00009000 00006000[0m
[0;32mI (226) boot:  1 phy_init         RF data          01 01 0000f000 00001000[0m
[0;32mI (234) boot:  2 factory          factory app      00 00 00010000 00100000[0m
[0;32mI (242) boot: End of partition table[0m
[0;32mI (246) esp_image: segment 0: paddr=00010020 vaddr=3f400020 size=23974h (145780) map[0m
[0;32mI (304) esp_image: segment 1: paddr=0003399c vaddr=3ffb0000 size=04680h ( 18048) load[0m
[0;32mI (311) esp_image: segment 2: paddr=00038024 vaddr=40080000 size=07ff4h ( 32756) load[0m
[0;32mI (324) esp_image: segment 3: paddr=00040020 vaddr=400d0020 size=8e8a4h (583844) map[0m
[0;32mI (525) esp_image: segment 4: paddr=000ce8cc vaddr=40087ff4 size=1162ch ( 71212) load[0m
[0;32mI (565) boot: Loaded app from partition at offset 0x10000[0m
[0;32mI (566) boot: Disabling RNG early entropy source...[0m
[0;32mI (578) cpu_start: Multicore app[0m
[0;32mI (586) cpu_start: Pro cpu start user code[0m
[0;32mI (586) cpu_start: cpu freq: 240000000 Hz[0m
[0;32mI (586) app_init: Application information:[0m
[0;32mI (589) app_init: Project name:     Bedclock_IDF_V10[0m
[0;32mI (595) app_init: App version:      1[0m
[0;32mI (599) app_init: Compile time:     Nov  5 2024 15:35:35[0m
[0;32mI (605) app_init: ELF file SHA256:  fcb838246...[0m
[0;32mI (610) app_init: ESP-IDF:          5.3.1[0m
[0;32mI (615) efuse_init: Min chip rev:     v0.0[0m
[0;32mI (620) efuse_init: Max chip rev:     v3.99 [0m
[0;32mI (625) efuse_init: Chip rev:         v1.0[0m
[0;32mI (630) heap_init: Initializing. RAM available for dynamic allocation:[0m
[0;32mI (637) heap_init: At 3FFAE6E0 len 00001920 (6 KiB): DRAM[0m
[0;32mI (643) heap_init: At 3FFB92B0 len 00026D50 (155 KiB): DRAM[0m
[0;32mI (649) heap_init: At 3FFE0440 len 00003AE0 (14 KiB): D/IRAM[0m
[0;32mI (655) heap_init: At 3FFE4350 len 0001BCB0 (111 KiB): D/IRAM[0m
[0;32mI (662) heap_init: At 40099620 len 000069E0 (26 KiB): IRAM[0m
[0;32mI (669) spi_flash: detected chip: generic[0m
[0;32mI (673) spi_flash: flash io: dio[0m
[0;33mW (677) i2c: This driver is an old driver, please migrate your application code to adapt `driver/i2c_master.h`[0m
[0;32mI (688) main_task: Started on CPU0[0m
[0;32mI (698) main_task: Calling app_main()[0m
[0;32mI (718) wifi station: ESP_WIFI_MODE_STA[0m
I (738) wifi:wifi driver task: 3ffc12c0, prio:23, stack:6656, core=0
I (748) wifi:wifi firmware version: ccaebfa
I (748) wifi:wifi certification version: v7.0
I (748) wifi:config NVS flash: enabled
I (748) wifi:config nano formating: disabled
I (748) wifi:Init data frame dynamic rx buffer num: 32
I (758) wifi:Init static rx mgmt buffer num: 5
I (758) wifi:Init management short buffer num: 32
I (768) wifi:Init dynamic tx buffer num: 32
I (768) wifi:Init static rx buffer size: 1600
I (768) wifi:Init static rx buffer num: 10
I (778) wifi:Init dynamic rx buffer num: 32
[0;32mI (778) wifi_init: rx ba win: 6[0m
[0;32mI (788) wifi_init: accept mbox: 6[0m
[0;32mI (788) wifi_init: tcpip mbox: 32[0m
[0;32mI (788) wifi_init: udp mbox: 6[0m
[0;32mI (798) wifi_init: tcp mbox: 6[0m
[0;32mI (798) wifi_init: tcp tx win: 5760[0m
[0;32mI (808) wifi_init: tcp rx win: 5760[0m
[0;32mI (808) wifi_init: tcp mss: 1440[0m
[0;32mI (808) wifi_init: WiFi IRAM OP enabled[0m
[0;32mI (818) wifi_init: WiFi RX IRAM OP enabled[0m
W (818) wifi:Password length matches WPA2 standards, authmode threshold changes from OPEN to WPA2
[0;32mI (828) phy_init: phy_version 4830,54550f7,Jun 20 2024,14:22:08[0m
I (898) wifi:mode : sta (8c:aa:b5:8c:5a:cc)
I (908) wifi:enable tsf
[0;32mI (908) wifi station: wifi_init_sta finished.[0m
I (918) wifi:new:<1,0>, old:<1,0>, ap:<255,255>, sta:<1,0>, prof:9, snd_ch_cfg:0x0
I (918) wifi:state: init -> auth (0xb0)
I (948) wifi:state: auth -> assoc (0x0)
I (958) wifi:state: assoc -> run (0x10)
I (988) wifi:connected with Starbux, aid = 1, channel 1, BW20, bssid = f0:b0:14:79:b5:1b
I (988) wifi:security: WPA2-PSK, phy: bgn, rssi: -71
I (988) wifi:pm start, type: 1

I (988) wifi:dp: 1, bi: 102400, li: 3, scale listen interval from 307200 us to 307200 us
I (998) wifi:AP's beacon interval = 102400 us, DTIM period = 1
I (1018) wifi:<ba-add>idx:0 (ifx:0, f0:b0:14:79:b5:1b), tid:0, ssn:0, winSize:64
[0;32mI (2008) esp_netif_handlers: sta ip: 192.168.178.160, mask: 255.255.255.0, gw: 192.168.178.1[0m
[0;32mI (2008) wifi station: got ip:192.168.178.160[0m
[0;32mI (2008) wifi station: connected to ap SSID:Starbux password:RodePleinMoskou2019[0m
[0;32mI (2018) wifi station: Initializing SNTP[0m
[0;31mE (2018) esp_netif_sntp: sntp_init_api(61): Tried to configure SNTP server from DHCP, while disabled. Please enable CONFIG_LWIP_DHCP_GET_NTP_SRV[0m
[0;31mE (2038) esp_netif_sntp: esp_netif_sntp_init(119): Failed initialize SNTP service[0m
[0;32mI (2048) wifi station: Starting SNTP[0m
Local time in Amsterdam: 01:00:02
[0;32mI (2048) display: INTERFACE is i2c[0m
[0;32mI (2058) display: CONFIG_SDA_GPIO=21[0m
[0;32mI (2058) display: CONFIG_SCL_GPIO=22[0m
[0;32mI (2068) display: CONFIG_RESET_GPIO=-1[0m
[0;32mI (2068) SSD1306: Legacy i2c driver is used[0m
[0;32mI (2068) SSD1306: HenkJan: .master.clk_speed = 400000[0m
[0;33mW (2078) display: Flip upside down[0m
[0;32mI (2078) display: Panel is 128x32[0m
[0;32mI (2088) SSD1306: OLED configured successfully[0m
I (2088) wifi:<ba-add>idx:1 (ifx:0, f0:b0:14:79:b5:1b), tid:5, ssn:0, winSize:64
[0;32mI (2178) display: t1=1474784 t2=1517616 dt=42832. [0m
[0;32mI (2178) keyboard: Starting keyboard task...[0m
[0;32mI (2178) keyboard: Keyboard task started...[0m
[0;32mI (2198) light: Starting light task...[0m
[0;32mI (2198) light: Light task started...[0m
[0;32mI (2198) light: Create RMT TX channel[0m
[0;32mI (2198) gpio: GPIO[23]| InputEn: 0| OutputEn: 1| OpenDrain: 0| Pullup: 1| Pulldown: 0| Intr:0 [0m
[0;32mI (2208) light: Install led strip encoder[0m
[0;32mI (2218) light: Enable RMT TX channel[0m
[0;32mI (2218) light: Start LED rainbow chase[0m
[0;32mI (2228) main: Main blip[0m
[0;32mI (2298) display: Update clock due to minute change[0m
[0;32mI (2348) display: t1=1630144 t2=1685520 dt=55376. [0m
[0;32mI (3228) main: Main blip[0m
[0;32mI (4238) main: Main blip[0m
[0;32mI (5238) main: Main blip[0m
[0;32mI (6238) main: Main blip[0m
[0;32mI (7238) main: Main blip[0m
[0;32mI (8238) main: Main blip[0m
[0;32mI (9238) main: Main blip[0m
[0;32mI (10238) main: Main blip[0m
[0;32mI (11238) main: Main blip[0m
[0;32mI (12238) main: Main blip[0m
[0;32mI (13238) main: Main blip[0m
[0;32mI (14238) main: Main blip[0m
[0;32mI (15238) main: Main blip[0m
[0;32mI (16238) main: Main blip[0m
[0;32mI (17238) main: Main blip[0m
[0;32mI (18238) main: Main blip[0m
[0;32mI (19238) main: Main blip[0m
[0;32mI (20238) main: Main blip[0m
[0;32mI (21238) main: Main blip[0m
[0;32mI (22238) main: Main blip[0m
[0;32mI (22308) display: Display back to sleep[0m
[0;32mI (23238) main: Main blip[0m
[0;32mI (24238) main: Main blip[0m
[0;32mI (25238) main: Main blip[0m
[0;32mI (26238) main: Main blip[0m
[0;32mI (27238) main: Main blip[0m
[0;32mI (28238) main: Main blip[0m
[0;32mI (29238) main: Main blip[0m
[0;32mI (30238) main: Main blip[0m
[0;32mI (31238) main: Main blip[0m
[0;32mI (32238) main: Main blip[0m
[0;32mI (33238) main: Main blip[0m
[0;32mI (34238) main: Main blip[0m
[0;32mI (35238) main: Main blip[0m
[0;32mI (36238) main: Main blip[0m
[0;32mI (37238) main: Main blip[0m
[0;32mI (38238) main: Main blip[0m
[0;32mI (39238) main: Main blip[0m
[0;32mI (40238) main: Main blip[0m
[0;32mI (41238) main: Main blip[0m
[0;32mI (42238) main: Main blip[0m
[0;32mI (43238) main: Main blip[0m
[0;32mI (44238) main: Main blip[0m
[0;32mI (45238) main: Main blip[0m
[0;32mI (46238) main: Main blip[0m
[0;32mI (47238) main: Main blip[0m
[0;32mI (48238) main: Main blip[0m
